revelld
congreeing
hisperia
apoth
soothst
ambitiou
blackmere
affied
afric
unbanded
boarpig
undre
illustriou
oertake
amamon
ravished
prie
ticklebrain
rumpfed
prickst
cozener
sensele
smoothst
salletherbs
perishd
albans
kinghenryviiiepilogue
clippeth
unstringed
richardgodamercy
honourowing
righteou
vai
soand
digyouden
ballasting
weighst
stephano
vede
hobnails
bottomle
rosciu
maladie
reproache
crossd
upfill
poloniu
anchise
meilleur
youngst
practisers
safeconducting
himprivily
resembleth
unweeded
summd
permafoy
trenchering
clambring
peu
reignier
officiou
distresse
brazenface
strongbonded
16
bonville
minimo
incony
basta
murthering
geck
unprovokes
disorderd
unpurged
foreend
bangd
mileend
caesars
faultand
apebearer
privykitchen
glancd
fortyeight
toged
becomd
generou
unthrift
jointre
welldivided
pastsaving
atla
weavdup
percie
sc2
chimneysweepers
thricegentle
signum
longeth
etext92
vaumond
sleekheaded
gnawn
kimbolton
dankish
warpd
omittance
woncot
defamd
unaneld
welshwomen
imperceiverant
avemarie
auntmother
150
mistreadings
intendst
dowrd
harmd
memorie
lovd
evry
weighd
haunche
butterwomen
heavings
titiniu
joinstools
gossiplike
afterhour
coopd
swaggerer
pratst
thickgrown
rebeck
violenteth
kissingcomfits
infantheaven
heirapparent
fairie
halfpence
snipttaffeta
warman
whind
crossrow
soundle
halfcap
glowworm
unpractisd
1603
stomachqualmd
upbraidings
swaggrer
labio
villany
missheathed
thourt
doating
uncape
crookd
sentst
encompassd
berod
praeclarissimu
runst
potpan
cutthroats
hereapproach
abirding
sowl
reckle
villianda
apricock
termle
promptement
underborne
everpreserved
maidthat
clustring
deracinate
raught
johnadreams
mockvater
allegiancemark
reproveable
seytoni
trueto
pia
honord
overruld
landrakers
receivst
closd
guyne
usuries
whatsoeer
churchlike
unpossessd
battleaxe
rememberst
maymorn
sylla
commixtion
beautyay
goers
doigts
unexamind
calai
valiantyoung
thinkst
wellknit
dwellinghouse
misordred
hardocks
leur
76
workinghouse
brawld
traversd
makest
pointingstock
discandy
maws
moated
marvellou
braggardism
vowdst
disdainst
commandingyou
mountainsquire
amaimon
wrathkindled
seniory
empoisond
animi
obtaind
prains
gallantst
plu
endud
thinkflew
preeches
founderd
pede
nourisheth
poorst
easyheld
sleid
berhymd
bodycurer
boundle
specialblest
throwest
nighttaper
overswear
byandby
doubtle
studiou
acapring
waterthieve
swearest
marriagebed
stockfishes
wellminded
highne
interjoin
barleybroth
untird
pinche
plumpy
oersized
acknown
oddconceited
botche
forespurrer
alife
drumble
echoe
whippd
toastingiron
lazaru
fa
disdaind
viperou
sortance
bacare
sadtuned
meeds
senselessobstinate
meisen
1609
spinsters
overgo
antenor
livd
forebemoaned
rascallike
natif
swarth
seemingvirtuou
maincourse
watchords
swelterd
123
temps
hydraheaded
sternest
perilou
merriman
findfaults
himthough
advancd
unkept
awele
themdingdong
nilu
whitster
getst
provd
gashe
cloyd
undistinguishable
tuae
featherbedhere
pioned
lepidu
findst
traitorly
taffety
gainst
womantird
suchaone
swinekeeping
welldefended
mindthat
contemnd
despairsand
alights
glowd
nightwork
clothofgold
screechowl
proceedingif
registred
pecu
inkles
shinst
lecherou
buckbaskets
fortward
boldfacd
astraea
broild
blessd
cancelld
93
outswear
pates
indisposd
mercatio
contrariously
snarleth
raind
longduring
prouds
runnst
bedabbled
daintine
singlesold
hushd
kingbecoming
fixe
leavy
untraind
embassie
courageou
rechate
bringingup
issuele
nonny
unwrung
oercloyed
agazd
carelessne
ungarterd
bolingbrokes
itmy
distilment
sequestring
bemet
phoebu
dout
reard
ratifier
loathne
discontents
whirlwinds
dropsied
galliasses
fortinbras
romage
trialthe
illwell
veux
slaughtring
quarrelou
templehaunting
thouldst
134
canopies
shepherdesse
cominiu
labelld
namecall
resolveth
distinguishd
1971
oerwalk
conjurd
goerback
liegemen
praisest
pheeze
equalne
tubfast
ribaudred
unmeritable
chargehouse
properst
receiveth
bentii
fencethree
traytrip
nutmegs
refelld
sirthere
rheums
gutterd
herblet
diffusd
adulterie
tainture
picturd
hercome
officersatarm
assemblie
bardolph
aird
overcanopied
pari
retird
valentio
71
greatgrandsire
cabind
t
sleevele
neighbourstained
omitst
taughtt
sawpit
manmonster
frampold
unprovident
uncurbable
escalus
swinedrunk
spakst
tatters
wrenchd
torche
towr
strongknit
tookst
straitne
singst
allworthy
2001
troien
reciterai
speakt
gagelion
unstuffd
facit
leakd
graciou
1595
conquerd
pread
abusd
raveld
applauseand
udge
briers
seard
fap
colmekill
environd
agued
inshelld
oergalled
worldwithoutend
valud
beslubber
oertrip
dispossessd
arn
moistend
enjoyer
tediou
stuffd
ahorseback
tallowface
servingcreature
towrs
lafeu
counselld
darkseated
hig
gawds
eyd
copd
defacd
scrimer
contumeliou
bowhand
sprawlst
hopd
villagecock
threatning
warproof
pardonnezmoi
peize
curseso
meetest
surpasseth
unloosd
tosseth
convertest
apollos
perjuries
embounded
milea
fordoe
troublest
honourd
windgalls
gangrend
overshade
baisee
crare
stolst
partyverdict
fois
gawsey
piedne
dulche
fullflowing
fertilefresh
pauls
untot
gud
gardenhouse
barrd
prayd
borst
fleers
recure
sailmaker
faroff
tranio
quand
limbmeal
longlet
foulfacd
unfallible
marrd
wonderd
belovd
exchangd
drewst
anges
143
bocchus
violentst
hectorpriam
flashe
backfriend
certaintie
enfreed
goodlimbd
murtherers
unpossessing
insinewed
dastards
beholdst
squandring
afterloss
107
wingham
manhow
mercile
bodile
illerected
ruinou
countesses
proculeiu
rackd
grounda
lorded
provoker
knighterrant
pastie
powrfull
maidentongued
hairle
coram
whitefacd
marvelst
montant
carvd
traitorou
catarrhs
fiercene
kickywicky
scarus
que
untuneable
unlooked
honoura
vore
embarquement
geniu
latterborn
dewberries
jaundie
paysan
pursuivantatarm
colliers
agletbaby
forswearing
colebrook
redhippd
act4sc14
soto
fraudful
loppd
hoodwinkd
hooknosd
impawnd
cotsall
weapond
broomstaff
maimd
disclosd
neverwithering
mamillius
havet
brainford
gropd
goodden
scelerisque
caparisond
bidst
144
plungd
eyst
toryne
servd
virginiu
hawthornbud
eringoes
rowelhead
simpcox
stillbreeding
broadsides
slovenry
tumultuou
hardine
ladiesinwaiting
unwillingne
threeheaded
pitywanting
assaild
fubbd
greatsizd
thromuldo
accommodo
starblasting
rubbd
pind
mirrord
weepst
wrongd
mountebanks
warrd
hangings
rubie
ingrated
wrappd
bepray
marcellu
impiou
desprately
tillyvally
snatchd
charlemain
barbarou
clothair
unheedful
jackalent
deliciou
wrongit
earnestne
cakd
sightoutrunning
manningtree
shaks13txt
unlovd
oerstare
fabulou
sacrilegiou
damoiselle
dimmd
chopt
cinqueports
maliciou
harshsounding
scarre
pottlepot
hawkd
oph
staniel
falseplayd
grievd
injurie
halfblown
bu
parca
charbon
coalblack
appeasd
timepleasers
d
newtransformed
128
pody
jeering
infectiou
yicld
fallnoff
wellcontented
137
veni
chatillon
limnd
sympathizd
milkingtime
grize
whoeer
tofore
darkworking
exclaimd
preordinance
defeatst
swashing
colourd
loveth
goths
bedvow
weatherfend
blackcornerd
undertakeing
herefie
shuddring
swounded
ecus
mockd
rideth
goosequill
narcissu
halloing
oerskip
breastdeep
lazypacing
hacket
prayr
demicoronal
servingman
montjoy
chivalrou
sulpherou
lewdne
gardon
saple
lookeron
sharptoothd
truedevoted
caesarion
monachum
traitrou
devisd
blazd
reverencd
40
flattred
ringcarrier
earline
riotou
conspirer
persuadethe
selfblood
91
gamesfair
foregoers
swaggring
womans
whileere
untutord
heartstruck
whiteupturned
chevril
jolthead
partie
swelld
eyele
guinever
attmail
antiate
checkerd
accited
criest
thunderdarter
drinkings
treboniu
wakend
scarcebearded
descendsin
villian
ensud
hereyes
fosternurse
v120893
illinoi
flybitten
abodement
talkst
asmath
bord
veritie
rainin
rolld
treblesinewd
drenchd
halfcheekd
foppry
junolike
clippd
pastcure
tithed
leasd
beguild
m
prophecythat
saturninu
valentinus
stretchdout
behinddoorwork
lequel
childed
cuique
antipholuse
tragicalcomicalhistoricalpastoral
colossuswise
goosepen
enforcd
feloniou
steepdown
clawd
untalkd
ravishd
frayd
scambling
allhating
atalanta
bearlike
purposeth
outstood
ropetricks
edgele
codding
cher
calveskin
fawnd
snuffd
mayay
bourdeaux
cambio
aenea
sempronius
wafting
friending
exampld
civilst
threepile
strongbasd
impietie
artle
panthino
manqueller
mouthhonor
crammd
preyful
fullam
whereer
urchinfield
anchord
compelld
newbleeding
uncourteou
rebellike
hoisd
tempesttossed
allonsnou
antigonu
howlst
compromisd
unseeming
gayne
newfired
fightest
glouceste
oweth
aboundst
lewi
daywearied
chud
adoptiou
pleaseman
puppydog
candlecases
rendred
balladmaker
lacd
heartblood
waterstanding
trespa
checkring
escapdst
seafight
ish
leagud
flowry
tremblingly
repeald
lackbeard
shallenge
palmtree
brightne
japprenne
exceptle
unle
gon
odorou
sternne
kernal
cliffords
stupified
silkencoated
heirle
lapsd
gladne
hammerd
licentiou
unmasking
nayword
vloutingstogs
perceiveth
charmian
gazeth
causest
bagot
childne
unpruned
mordake
mori
illfavoured
keept
ibc
youoften
findeth
awakd
fellst
someer
namd
precor
commonkissing
landdamn
motionno
societie
trespasse
knive
burnd
rushcandle
enrank
laughst
fitzwater
prononcez
yelld
murdring
brazd
falseboding
mutualitie
headshake
smirched
grissel
witnessesi
wilfulblame
aggriefd
searce
grantst
hobbididence
inwardne
arbitrement
parler
antipholus
liegiver
feegrief
unbuckling
becomst
memphi
strawcolour
kerelybonto
catesby
proudminded
howsomeer
flowred
diomed
130
staineth
eyeoffending
sistercousin
rushd
placd
harne
pandar
uprightne
carrytale
mistakst
unbegotten
comfect
wived
deesse
wainrope
tway
muskcat
faciant
ironwitted
diminutives
breathle
halfsuppd
hourgla
diable
stumblingblock
enviou
newshed
deedle
bluecap
suretie
selfaffected
answernone
graspd
neglection
franci
deceits
accountst
sapphires
smeard
burdend
testril
53
bettre
engro
circum
sufferd
slobbry
bellowd
sadne
figo
goodnights
naild
loveday
cubiculo
81
pallabris
remarkd
bothfor
intrim
courthand
guestwise
fetche
fashionmonging
waterfly
gobetween
bonessing
diffusest
eyegla
hastyfooted
torturd
sobersuited
unsearchd
3
dubbd
consumst
courtcubbert
thricenoble
commodiou
purpleingrain
thoughtst
chargeth
joindstools
lour
bloodier
oercount
manmy
didt
hortensiu
flidge
welldoing
misgoverned
redeliver
vint
peerd
eret
seaboy
nonethe
katherina
s
flapdragon
act4sc4
crossness
neverquenching
petitiond
disburdened
surance
caelo
voicemany
worins
returneth
pribble
respectst
insanie
contrarie
exton
ofephesu
donet
dunsmore
exild
fullfortund
bestrid
showring
confixed
madamin
successe
cornets
wheneer
vehor
jephtha
fastclosed
tributarie
expertne
necessitie
achille
promisebreach
amercy
rejoicd
beckond
remissne
alce
oerthrown
limander
daringhardy
stabbd
enclosd
meanborn
gorboduc
soud
nightflie
jointservant
issud
turband
juttingout
disprovst
mopsa
ditche
fortuneteller
thriftle
kam
ro
newburnd
keiser
arde
egally
sapit
expre
housd
121
accompt
justest
pharamond
bounteou
rosd
chollor
unmitigable
solidare
indurance
mazd
beheaded
falconbridge
parisward
questrist
threethird
veney
purplehued
taskd
worshippd
youyou
malhecho
theekeep
rother
unfought
rugemount
gossipd
baptistaso
unreconciled
wheeld
happend
trinculo
heightend
peevishfond
thave
likene
blackfacd
oerparted
selfadmission
commonhackneyd
suppertime
whiteliverd
giglot
overtaen
overcool
glassgazing
accursd
tendring
finele
buyem
act4sc10
phorbu
greena
nostra
thatswhen
currance
quam
caphi
tullu
flowrs
beautie
outshining
purgd
customshrunk
valancd
outpeer
betraydst
wights
falseheart
almsbasket
unbraced
tiedup
untraded
withoutbook
jigmaker
strengthning
strikst
blackheath
proppd
unprevented
goe
younglings
wishso
blowersup
consisteth
dwarfish
eightyearold
clamord
commandst
thicklip
handydandy
eldergun
avoucht
genral
juliancnetcomcom
nichola
roundwombd
bloomd
tah
saintseducing
sneakcup
ignominiou
lamd
ild
allabhorred
videsne
moorship
plantagenets
encorporal
worthie
tenderbodied
battring
toothpicker
wellfamd
occurrents
beasto
maidenheads
lowlaid
begnaw
himwhich
orld
unreverend
thriceblessed
usherd
antonys
parlou
spyst
gargrave
factiou
pluckerdown
illdispersing
unkindest
virginalling
suspiciou
lappd
mirable
motleyminded
basan
huntsup
rigol
nottobeendured
propertie
childing
strossers
outscold
deepdivorcing
wantwit
lodovico
hartuiucvmd
heartoffending
killd
shanks
prodigiou
hearkning
antickd
brotherinlaw
deathpractisd
loyalst
treacher
seemeth
idlene
unvulnerable
shaks12zip
greycoated
wellmeant
adversitie
stringle
likd
64
phillida
esteemeth
amazonian
heavine
murdrou
unactive
spawnd
wheresoeer
surgere
corbo
othergate
fullmannd
agueproof
spokst
aufidiuses
christend
fearswhich
countenances
falln
sententiou
garmet
witnessd
manka
gentilhomme
vergers
allchanging
vaunting
prayst
exuent
underskinker
metropoli
accustomd
constraineth
stalkinghorse
sawt
ubique
twire
heavenkissing
outbreathd
saturninus
queensave
darneldo
ploughst
respose
feard
thankd
niggarding
seachange
oughtst
custardcoffin
mulld
killst
sufficethat
zealou
spoild
fawneth
rookd
resolvd
adversarie
knog
sealingday
hardakeeping
cannonfire
mulmutiu
applie
evend
hopest
tib
hungerly
ravenou
tragediansto
contrivedst
maild
continud
trumpetclangor
thyselfa
testimonie
bemonster
oerhear
unstooping
lumbert
metamorphisd
unsheathd
maccabaeu
enpatron
wholesomeprofitable
trollmydames
eglamour
thereforeto
1605
barrenspirited
villainou
wrongshould
fernseed
orlean
highblown
promiseth
garnishd
valorou
weeke
solicitings
youst
hardruld
80
uphear
tiswhose
unjointed
marketfolk
unware
wher
turlygod
appeard
easly
assez
chapeless
shamefacd
proudlier
spancounter
overeying
prodigie
dewdropping
thundermaster
silencd
newfalln
122
pheazar
tresse
digt
falsing
mget
chiders
flowrdeluce
mi
aheight
discased
mortarpiece
unremovable
alcide
hopehe
mouthfilling
tiddletaddle
doomd
disclaimd
noisd
spaciou
preyd
soulle
lanchd
propension
unprovide
nothingyet
hiren
offendre
helmed
blemishe
cockred
battred
polydamu
lucrece
praetors
jacksauce
75
batler
avengd
fullhearted
masham
artemidoru
acture
headle
tarrie
marbleconstant
vouchd
swilld
halloa
seriou
capons
marvelld
pluckd
disme
ject
mowd
unnumberd
aleven
injointed
woefullst
scenemessina
derivd
hartvmdcsouiucedu
asse
justne
illused
vilene
iachimo
roussi
sithence
replenishd
atwain
priami
glasse
curan
stumblest
thricefamed
antonioth
steepd
trumpettongued
apemantus
baillez
unshunnable
redtaild
semblances
spriting
ballow
ajaxwho
vere
cankerblossom
holddoor
daywoman
act3sc9
powrs
discernd
everburning
haled
flaviu
104
mountainou
newsmongers
helpd
housewive
ephesushe
whelpd
dignitie
ostent
meaneth
ensman
labourst
breechd
engraffed
monastry
sudfor
helterskelter
mantuan
fleecd
broochd
lovekindling
141
genoux
smallknowing
wisdomrenouncing
letst
romei
highmost
subscribd
husht
carack
licio
vehemency
vloutingstog
breathd
rangd
aftereye
diminishd
halfattachd
joindstool
honourgiving
varrius
theret
pigeonegg
attent
pursent
justicer
troiluses
piniond
murkiest
francai
newbuilt
traver
citie
doggd
tempesttossd
becomed
takest
b
alencons
dignifie
meald
upshoot
governd
heritier
sall
byroom
coachfellow
46
handlest
benedick
distraind
lightwingd
unseald
playd
controlld
hornring
goest
bianca
proudst
serv
woodbine
tenantiu
oerpowrd
61
enlinkd
maskers
soulfearing
overproud
chamberpot
smulkin
akilling
gentlemenindeed
follyfalln
inprimis
lavee
ribbd
maison
poultney
hailstones
follie
soundne
unusd
manywhom
lookest
fiveandtwenty
wandrest
fashionmongers
pourquoi
songmen
hymenaeu
feith
crassu
kitchenwench
particularitie
huggd
oervalue
awd
oerworn
annothanize
42
twoandthirty
vaudemont
spanielfawning
onetrunkinheriting
harnessd
liferendring
dapprendre
twentynine
102
jauncing
serviliu
appele
kibes
luckle
speeche
figurd
soldat
marcians
oergreen
herwhy
kneeld
rinaldo
receivest
shareware
relinquishd
astrea
holyrood
honneur
parcelbawd
whitelimd
refind
swit
honeyheavy
palabras
beseecher
holloaing
threehour
tutord
aspiciou
sickline
unreverent
misdoubteth
hybla
ridest
lndnow
levenpence
gentlesleeping
pyr
flatterd
banditto
besmeared
woes
unplagud
striplings
wotting
kates
graftst
slavelike
cullionly
windswift
betterd
piercy
shortne
rosencrantz
forkd
fauconbridge
preemployd
saild
warrnt
smellt
joyed
sillyducking
diseasemy
oysterwench
raggd
walnutshell
unbegot
adoing
restrainst
strikest
wretche
wolvish
tird
newdevisd
oppresse
willd
backreturn
narrowprying
affeerd
ing
lither
couronne
jacknape
ordring
ruminated
scythed
truebegotten
bargulus
butcheries
larums
gro
stillclosing
pleaders
oerboard
supplie
glideth
namessure
cressets
searcheth
latchd
dismaskd
hurls
convented
conversd
soileven
waxd
livervein
reverendst
cleantimberd
unheedy
rampird
nobleminded
testimonied
lochaber
overripend
marchione
superpraise
mallows
maidenliest
infortunate
opportunitie
chariest
lancd
2782
wellspoken
oxlips
escapd
mastcr
lordswhy
sdeath
flatteringsweet
primest
quil
uncrossd
dispatchd
alarumd
ber
tund
wo
preservd
troilu
bankd
welldisposed
vomissement
tainting
torchstave
copst
comfortle
unpolished
murtherer
covetings
lordespecially
swiftfooted
divorcd
bigbellied
wishest
revild
headsi
thricerenowned
artus
strucken
dicken
shouldred
cette
methoughts
goddesslike
himfor
nourishe
timons
deflowerd
alarums
forsweart
alexas
warkworth
sirreverence
ros
carpd
cor
borderers
selfkilled
horning
arrogancy
melford
chiefest
bearst
stanzos
sighst
hopele
drearning
untouchd
fatherle
fifes
straind
trueindustriou
lecon
inseparate
nightwalking
figsend
carryt
credulou
mongst
unlickd
scornst
owy
divinene
prononcer
bestowd
bifold
upbraided
leonato
languageless
dumbdiscoursive
gaind
lamentst
execrations
flatterers
procrus
exposture
causd
sugred
archd
peerle
godamercy
halfworkers
swaggrers
fullers
outprizd
ratcliff
pitythey
sayest
seent
birdingpieces
overstaind
holborn
honeymouthd
outfaced
peflurd
devilmonk
notmore
potents
playeth
comart
murdererhow
32
underwrit
shamele
dismalst
parolle
expresseth
desdemona
linegrove
shortning
mai
urswick
balmd
lucullu
roynish
726002026compuservecom
salvd
tottring
chasd
measurele
dhonneur
vainne
trappd
faithle
dogweary
worthle
tentroyal
numberif
wondring
34
lourst
countcivil
hoa
styld
amphimacu
fatguts
insculpd
incredulou
catamountain
maccabaeus
stillstand
swaggerd
fatalplotted
lovea
cassio
canbut
tacklings
masterle
mourninggowns
iras
oergrow
preachd
disedgd
ruind
thickskin
minstreldraw
ransomd
seleucu
leese
wondred
famoused
willowgarland
anticipatest
climature
processserver
r
properer
capdvd
furthrance
assumd
nuntiu
youpray
quaes
opposele
answerst
parrotteacher
fearest
birthstrangled
isthese
halfface
basi
releasd
inferreth
laund
headyrash
immortalizd
gonzago
deniest
stard
archidamus
stalet
playfellow
morri
harmle
kickshawses
clappd
damosella
thessalian
haters
eastcheap
allhallowma
scrapd
popiliu
oxbeef
beadsmen
footlicker
philarmonus
gipsie
ursley
woodmonger
wellnigh
illnurturd
v
det
swiftne
kissd
ridingrobes
displacd
solinus
metellus
gobbo
refigured
plebeii
aumerle
peloponnesu
tallay
unshunnd
henricus
sandybottomd
bewitchd
carpetmongers
justicelike
friended
cascas
shovelboard
misusd
loosebodied
ingloriou
dressd
crowflowers
barkd
neverdaunted
vulgo
healthgiving
escoted
pinchd
feesimple
pansa
haec
bettring
portentou
morrows
sameyour
englands
siciniu
joyou
fitteth
fraughtage
foamd
breadchipper
maintaind
squiny
arra
banishers
wellwarranted
befores
grimvisagd
druggd
dispropertied
waterton
uttereth
retourne
propontic
buckwashing
servantwhere
switzers
coude
unauspiciou
beforet
chaseth
leonatu
piercd
samingo
morehaving
greensleeves
wheresoer
delabreth
fordid
towerhill
harpier
viewle
whitene
signiors
sala
blamd
barberd
chicurmurco
nurseth
frateretto
piu
aquavita
guardage
oercharging
merchantmarring
assemblance
shaghaird
prepard
trippd
tyb
lordcome
castalionkingurinal
knottypated
howsoeer
fettred
lustig
clipt
gallowsmaker
dearestvalud
gravemakers
whatdoyecallt
fulvia
confirmd
benchholes
stainle
calpurnia
deified
throngd
swayst
inadoor
bere
relievd
backdoor
maketh
flyblowing
markd
beest
selfaffairs
caddisgarter
countle
scandalou
act3sc10
ield
lifepreserving
sharpquilld
reliquit
palevisagd
rejourn
bringingsforth
ladys
ruminat
voicd
incertaintie
outfly
1608
transformd
charolois
contrarietie
erga
ciel
che
thoa
unrough
stoppd
keepdown
fairfacd
oernight
aquavitx
armigero
loveprate
endall
skyplanted
crants
lazars
gentlekind
bellie
duppd
sourcold
honorabledangerou
owst
siward
servanted
unshaked
quickned
lifteth
martem
welltund
vizament
labra
nym
moodymad
blueeyd
drawst
rootedly
tertio
suffred
unreversd
mansionry
coriolanu
remembrest
underwrought
madbred
parching
pauca
tattred
wandred
henton
reg
oerrate
oneyers
contraries
brazenfacd
fullchargd
outbragged
copatain
impawn
sinkingripe
highnessno
berattle
cozened
borrowdst
isabels
widechoppd
commonst
cursorary
implord
fleeter
wardrop
sojournd
widowdolour
blanchd
damasked
heyho
cursie
justifyt
114
gartred
travaild
youngeyd
baregnawn
welldeserving
encampd
unduteou
prief
ungovernd
rumourd
fensuckd
wheret
ambiguides
crisped
conveyd
biondello
guerdond
unhopefullest
tromperies
misgraffed
farced
whereout
deathmarkd
ponderou
82
passio
entred
uds
frenchcrowncolour
smutchd
laidst
rudst
wholesomst
landthieves
goreblood
decreasd
honeysweet
weening
statutecaps
thyselffor
cautelou
longgood
turncoats
marriagehour
ruld
dullbraind
focative
gentlehearted
mindand
castiliano
lucetta
inflamd
sanctimoniou
esill
ditchdog
exactest
stampd
oerheard
mardian
gaultree
ayaside
loathd
swolln
griefshot
claud
buckinghams
colleagued
tittletattling
incensd
deflowred
shallowa
unwiped
humphry
unhospitable
uncropped
useth
redeemst
sweetsuggesting
loseth
theyre
nefas
throned
ragozine
moy
pandars
forwardne
threesuited
patchery
uncomprehensive
lunacies
fastolfe
po
theethou
puttock
rivalld
unfeed
marcu
pyramise
protheu
newyear
wincot
apperil
fingre
approvd
leonatus
inche
colossu
styga
lovediscourse
catelog
woefullest
greyhounds
threatningly
knewest
befalln
circumscribd
besiegd
engrossest
ibat
hollad
fluxive
nurselike
butcheed
unslipping
giddine
oildried
highgravel
victoress
2122545093
hotblooded
argud
brokerlackey
trimmd
detaind
drinkst
xxxxx10xxxx
forehorse
courtezans
countie
yokedevil
importeth
russetpated
britaines
earkissing
shent
breathest
jame
fearsurprised
thmonument
stickingplace
unhangd
cadwallader
waitinggentlewoman
smoothfacd
lengthning
cozening
indignitie
themei
goodne
clodpole
dockd
referrd
oerhanging
flowd
wellflowerd
loveletter
swathling
fishe
poniards
faultle
uneasine
basene
compunctiou
beyondsay
novi
branchd
gracesand
hereremain
livry
lookd
tenderhefted
seamonster
brinepits
themselvesbrother
countenancd
welladay
zo
newst
heighho
inducd
sharpprovided
cubdrawn
villiago
outherod
justicers
holine
coldspur
fallingfrom
flawd
sfoot
everpardon
tragicalhistorical
mildne
loveshaft
nestorwho
milchkine
tal
117
subornd
impudique
fleshd
moi
profitle
cowlstaff
pardonner
flourishd
divideth
tithepig
befort
theyd
lengthned
swingd
outrode
10000
givn
suckdst
venomd
canopied
peating
selfdoing
powerle
awayi
balth
sprited
illbreeding
mastring
aegle
forbeart
tardygaited
backwounding
consulships
isi
jeweld
unremovably
succe
pushe
marblehearted
wellgovernd
sixgated
thaso
offring
debile
revokd
sightholes
unpitied
allhurting
depeche
dulla
clocksetter
knowings
illdisposd
unmovd
polemon
unreprievable
simois
exhalst
inhearsed
ashouting
79
hizzing
loa
plood
betrayd
infringd
shamelessdesperate
meanapparelld
germaine
boggler
merchantlike
anight
winebut
everangry
131
forerecited
barst
enoughof
24
orangetawny
huntsmen
alonso
cuckoldly
sauced
teache
estil
egeus
newhatchd
mortisd
cestern
besmirchd
starvd
underpeep
anda
arcu
solemnities
slowgaited
thralled
rainold
babyhere
aer
watche
cophetua
shipt
virgind
customed
harvesthome
toppd
curster
tuni
motheri
menelau
nessu
oerdyd
apprehendst
inclind
outswell
goodmorrow
56
act5sc2
walkst
elseof
peise
unweighing
allicholy
lowring
luxuriou
wellwillers
neatstongue
145
stubbornne
shrillshrieking
ratolorum
strumpeted
composture
taen
unroosted
countenanceglad
plautu
halfblooded
illfavourd
thame
warmingpan
peacocka
richproud
volsces
setterup
aboded
greatuncles
layto
earthlier
womanqueller
contentiou
noveltie
presurmise
pur
gonzalo
pedantical
livesthink
mortimers
gloriou
deceivd
unbloodied
mammering
goeth
drest
noncome
damst
flamecolourd
quiddities
oakcleaving
faithfullst
sorel
embossd
fetchd
planched
hazeltwig
maidpale
dromios
turnst
nedar
judases
culld
keepest
manofwar
searchd
y
fil
deservers
lethed
hoooo
thinkt
wryneckd
showt
steads
jointlabourer
abrook
walleyd
illrooted
sluttishne
drachmas
philipsparrow
thundring
perhap
ditchdeliverd
omnes
chitopher
longtail
betime
lovebook
bility
ladie
85
iiiscene
unexperient
act3sc5
hysterica
unpeopled
bassanio
inde
bullocks
allcheering
haere
uncasing
domitiu
11
waterdrop
contagiou
wellseeing
naturenot
depressd
macdonwald
recovry
coffind
chus
disproportiond
unsmirched
bushe
wretchedst
qualite
basilisks
thereapplejohns
outfacd
twould
mockrie
adoptedly
strangeachieved
highreard
marriagesurely
orgillous
horsedrench
ver
brabbler
sayst
unconquerd
dansker
cyclop
evenpleachd
evn
allhallond
ingener
stabbdst
droopeth
prospero
forgerie
118
tripolis
boistrou
abjects
0indexgut
harebraind
desprate
drowsd
scarecrows
lovered
sirnay
curldpate
learnd
aidle
paritors
allobeying
plessing
docome
hilloa
ob
extirp
dispraisd
interruptest
pierceth
felllurking
widst
irae
lovemonger
abandond
iri
lorenzo
novum
blithild
140
hardfavoured
canstick
addeth
hangeth
literatured
beated
distemperd
menmeant
helms
fico
viewest
datebroke
cavalery
pold
unassaild
quinapalus
undivulged
regia
phibbu
thoughtexecuting
comesisters
cheerd
martius
highreaching
sadfacd
kingcardinal
hastning
gleeks
ascendeth
madne
powderd
unbowdalas
soso
hallowd
primy
sheepbiting
waitingmaid
conceitless
adornings
scattred
histent
flie
foreward
thricedriven
braggd
mattera
titu
yokd
notwithstandingto
tippd
disclaimst
harmoniou
redne
macduff
paradoxe
unnoble
plaints
chawdron
thrusteth
preciousjuiced
uphoarded
unletterd
cozengerman
measurd
oerturn
swoln
centurie
particoated
adoreth
cherubims
prizd
staind
sullie
headill
pensived
saltne
luc
cherubin
japhet
etextetext91
broachd
philarios
althaea
twangd
lucianus
misleaders
delphos
halfpennyworth
jays
stilea
concealments
truerhearted
apter
manbut
deanry
halfadozen
tradefalln
deathcounterfeiting
sheleonato
feverweakned
flatterest
windring
triumpher
flander
shoeinghorn
pulletsperm
sanctitie
shamest
goss
promisebreaker
surnamd
engravd
unschoold
malvolio
constraind
deemd
needst
handkerchers
servantmaid
caperd
unmasks
linseywoolsey
chippd
scapes
scarfd
unmindfull
unble
sirthick
recalld
stayd
doct
soulcurer
peaseblossom
fishd
undetermind
cleansd
dangrou
touche
stoccadoes
soit
gawd
deckt
doublecharge
morrowcaesar
sweetfacd
lieutenantry
desirou
addrest
overshine
sonties
iwi
usurping
frailtie
widestretched
comeo
shippd
watchd
cxsar
mumblenews
heavns
sweart
guiltylike
minutehe
varnishd
gastne
tormente
speens
remaindercould
ling
squard
babbld
gipes
pleaseth
mockeries
agamemnonworthy
caterwauling
daughterinlaw
bessy
apoplexd
arinado
blenche
activevaliant
phantasime
tocommend
charine
attorneyd
himselfwhich
strayd
penthouselike
mutius
onceti
wilfulne
ridingrods
altred
stord
paltring
unburnt
industriou
fehemently
olympu
perdy
cockled
pithle
pridge
sharppointed
throwerout
stickst
nighttripping
intrenchant
marchchick
cacaliban
snowbroth
palld
cannonshot
eyne
refusest
cockpigeon
leavst
puis
cravd
wellnoted
flavius
canopie
determind
tenniscourtkeeper
ita
ambuscadoes
intreasured
pestiferou
surplu
devilporter
heartburnd
oerborne
cloudcappd
unsayt
reasond
rashembracd
aftersupper
forspoke
narrowmouthd
shipboy
parel
untrussing
selfwilled
untucked
menaphon
doest
diomedfaith
beleed
lione
coldblooded
perceivst
swordhilts
unmastred
empre
tuwhit
mistermd
fishlike
roisting
inclinst
palefacd
tenantius
fairst
inyour
foulplay
swartcomplexioned
rehearsd
chetas
swordmen
crownets
coursd
budger
deo
paramours
intrest
worstextended
selfborn
runsay
sidestitche
sulphrou
seeting
engirt
vor
pursueth
chapmen
hurrie
kisse
mistre
35
promisecrammd
approachd
complainest
soulvexd
carnarvonshire
tods
maltworms
108
brims
confusd
fadom
switche
wellbalancd
nicepreserved
showst
illo
provand
beareth
candlemine
sandys
oerwhelm
courtsies
publishd
canva
lieutenantgeneral
dunnest
almsdeed
sistring
juliu
womanpost
heareth
passioning
consignd
prevaild
ouphes
51
threatest
numberd
expressure
yerk
usi
ampthill
cunningst
oerblow
progre
lengthend
cushe
semicircled
longsincedue
proudpied
ascensionday
fal
beaumond
armadoe
leathernjerkin
themthou
sufficeth
proditor
theaedilewith
ruminates
unthrifts
lawle
setebos
refreshd
hedgecorner
bawdborn
nonino
crackd
harefinder
unsecret
oerdusted
soulconfirming
intendeth
longcontinued
marshalst
calibans
linkd
foins
tardied
finle
enrolld
ungrown
masteri
solem
baitingplace
longvanishd
roofd
thisby
tarrd
exhibiter
pottledeep
hedgd
longdfor
wellbeloved
fightst
screend
overheardst
demicannon
facineriou
helenu
commencd
goodlier
thyreus
countercaster
judgest
ripene
offrest
northgate
fieldbed
orsinos
resteth
armd
sightle
sticklerlike
sceneengland
killcourtesy
tyrrel
turph
liberte
outfrown
seedne
fallingoff
disvouchd
bedwork
attainture
debauchd
thriceworthy
searche
beggarwoman
questionle
lingare
quickraised
lovethought
distain
firstheaven
dommelton
necessitied
ycliped
princelike
selfplace
stalld
unproperly
verefore
penthesilea
hiem
fingerd
nimblepiniond
skainsmates
illroasted
disdained
cromer
annexion
reedified
linta
happine
tenderst
unfurnishd
examind
welladvisd
ayez
wooes
putterout
unbackd
emperess
lovenews
sagittary
soforth
castaways
advantageou
vanishest
riseth
hellhated
embarkd
becomet
chafd
posthumus
pabylon
44
siciliu
inshippd
prisonnier
silviu
fannd
thname
hearthardning
martext
bittrest
curld
climbeth
amongs
cloe
laidthere
rooteth
etext
owest
cholers
wallon
shog
prenez
probal
unclaimd
brisky
limd
manorhouse
polydore
uncontrolld
sufficd
stonehard
captainare
squirelike
divulgd
bravd
guil
oerlooking
guiled
ovidiu
sardians
vexeth
filching
earthtreading
neoptolemu
gauntit
severd
eer
bosko
raritie
walld
enkindled
unarmd
monstruosity
unmixd
conycatch
assignd
invised
heavenhued
crusadoes
14
eaglewinged
heartwished
casca
prowe
tongueyet
9
foh
lucentio
thurio
lovedevouring
merchandized
proclaimd
misconster
undercrest
tenderfeeling
oer
presenteth
thricecrowned
oerspread
mercylacking
foolborn
cardmaker
leiger
tossd
silvershedding
gelida
toastsandbutter
enlargd
gurnet
sallets
killdst
barne
bavin
possesse
perkd
selfassumption
blubberd
lifeharming
secundo
populou
stairwork
hoppedance
aimst
uncoverd
youtli
stoln
hasteposthaste
mightful
vapourvow
offendst
intil
interrogatorie
hardning
hangd
riggish
etre
cropear
misdemeand
mercutio
healthsome
paird
registerd
changd
curbd
granto
lessned
joublie
methink
ebbd
soeer
sorrowed
rednose
outvillaind
shunle
yoked
downroping
scalingladders
paction
lovebroker
talbots
complainings
sorcerie
newne
precurse
firk
monarcho
beretire
een
cuckoldmaker
unfirm
seagown
butterd
fidelicet
organpipe
intelligis
avouched
mome
appalld
jaquenettas
displeasures
liveries
soonbelieving
emhracing
strongframd
kinglypoor
suppliest
peised
bridgenorth
christophero
disvalued
deceptiou
sicilius
vanitie
oyes
tartars
cobloaf
barson
bame
h
drybeat
sowskin
baconfed
youi
swallowd
kingt
aemiliu
louring
act3sc1
unhopd
clotpoll
hastywitted
appeareth
rascalyeaforsooth
chaffless
surmisd
loaden
wondrou
cleopatras
liehe
threatend
shallowest
newtuned
morndew
impetico
denay
counterpoisd
smallst
sleevehand
unlinkd
solfa
tenderd
uncleanline
13
overmounting
vapian
letalone
scandalizd
shoulderbone
spleens
bloodstaind
progne
effigie
dreamd
beautied
7
act3sc11
solemnizd
freckld
quickanswerd
dovefeatherd
onmine
anhungry
asthough
certifie
wrongst
viciousne
precisene
musd
act4sc12
sluttery
untimberd
implorator
wenchgivet
ofttime
wellaccomplishd
pret
commentarie
marqui
nicanor
lovest
shearman
fortunehave
livia
diluculo
bestmoving
martino
vitement
perpetualsober
askst
transgresse
sealring
souviendrai
capuciu
sunexpelling
pharsalia
marciu
momentaryswift
laundring
glami
bragle
hoodman
waiteth
ise
perdie
strato
oercharged
headborough
tish
bespice
qualifie
euriphile
fostring
1602
95
outparamourd
foola
tumblingtrick
predeceased
uncurable
aufidiu
onioneyd
clapperdeclaw
dismembred
singd
hitherwards
pickd
uncomeline
bumbast
fellowservant
anglais
dishonourd
bullen
threaden
absolvd
willingne
holla
thenhark
deathshead
bitchwolf
tillt
hungerstarved
drybeaten
wellarmed
timelyparted
chirurgeonly
volumnius
oertook
ginn
perfidiou
sweno
1591
subduements
vastidity
silius
besmeard
volable
pourst
internethartvmdcsouiucedu
shortlivd
unpathd
sandblind
unstaind
velutu
allunable
desirest
flaying
pyrami
storie
bassstring
ungraciou
starvelackey
masse
redoubted
apprenticehood
nec
carst
guichard
perusd
oerraught
overearnest
malefactions
abhorrdst
cedius
overred
polld
musterbook
menti
mun
sossius
mutineers
lockram
behests
bodie
aemelia
wellfoughten
suffring
perdita
132
damnd
rigst
resty
reguerdond
hyrcan
comble
madbrain
indud
misbegot
outstretchd
andronicu
covetou
hardesttimberd
snappd
latedisturbed
wavring
suraddition
suppre
swearings
voutsafe
likned
parkward
aussi
stubbornest
deepvow
gimmer
waterfliesdiminutive
quietu
unwishd
itit
hermia
outpray
embracements
lovst
shelamb
hencegoing
carcasse
clepeth
fruitfulne
expeditiou
urchinshows
twentysix
harford
obligationarmigero
dumbe
gainsaid
fearle
alphonso
himthere
kickd
dowerle
ist
deitie
peascodtime
enragd
unsworn
bewhored
escalu
reignd
affecteth
demiatla
seese
vides
bruited
conferrd
windingsheet
fairspoken
bemoand
savagene
wherea
beggarsneither
overkindne
unsuiting
latedeceased
artire
heautie
reposse
worshippest
lettred
langage
embattailed
sallie
vraiment
wenchlike
callst
wellbehaved
brooded
jaque
gallian
glend
workingday
liverie
distinguishment
thrond
leonati
tullus
quiddit
turneth
argosie
unapproved
abbominable
endart
balthasar
martlemas
eightpenny
wooers
aftertimes
emperal
beseek
skimbleskamble
lineaments
villainie
54
daintry
readshigh
commonweals
poins
blushest
afront
muskrose
affrighted
dallie
unguem
marketmen
dictynna
chafed
viceroys
miraculou
deckd
grievou
disstaind
macmorris
preferrd
progenitors
delivert
valentinu
deepmouthd
distinguishe
pygmiesrather
125
darm
conjoind
illtaen
alcides
undertaket
childishfoolish
showr
unhardened
deceasd
causele
brotherlove
debitor
crie
sufferst
titinius
greedine
ticed
selflove
mought
pattle
treadst
audi
upstair
galld
langlai
ungently
officed
repaird
lodgd
tappd
preambulate
hags
joyd
waitingvassal
bedimmd
pastoralcomical
silvius
ophelia
scapd
passy
dancd
anchovie
grise
beggd
honeysuckles
derceta
147
trucklebed
shafalu
exion
grandjurors
cudgelld
earthd
bloodyfacd
wandring
apollinem
unadvisd
bequeathd
heartgrief
sheepbiter
neerlustwearied
enfetterd
shineth
wildgoose
thundrest
theet
ouches
1599
expecter
trenche
masterd
dishorn
minutewhile
brewhouse
mistlike
franticmad
act4sc5
cruelhearted
116
contempts
bewept
gillyvors
nowborn
studie
harum
lamour
135
gulld
warnd
filesi
gillian
poin
orpheu
deafing
actaeons
29
nowabed
impond
undisposd
valeria
wantons
lionsick
curtaind
gutsgriping
fingring
euphronius
orisons
unconfinable
partst
gratiano
imprisont
honeybag
unmuffling
heartle
crispianus
surveyest
sluts
cannibally
valleyfountain
courages
betweens
slandred
masterleaver
sould
hewgh
duchie
reasonle
marriagedowry
gamer
diseasd
outwent
hatche
requird
mutinou
numbred
seely
alcibiade
speechle
deposd
nimblefooted
rued
grassgreen
stonestill
awork
drinketh
clothogold
nony
richd
casd
auguring
lovegod
lookst
hunteth
distemprature
aemilia
lourd
illboding
prankd
unsteadfast
occupat
wellmarry
modestie
pald
quickend
unclew
wideskirted
pragging
remembred
couchd
perchd
onwell
clotpole
pittieward
medcinelife
givst
enwombed
opposd
swornt
grievouscomplaint
naso
selfsubdud
puffd
ebrew
lowr
ithat
witnesseth
intermixd
performd
everfixed
g
tasselgentle
juniu
steepup
sui
commoditie
enring
thricefair
sheltred
dighton
holidaytime
wishdfor
unnaturalne
faut
howld
shuffld
meneniu
fashiond
spotle
wor
wheresomeer
kingkiller
calumniating
pointdevice
notprincely
insuppressive
gaoler
weepingly
allottery
boyet
glassd
affind
athen
climbd
doublemeaning
duser
sinewed
soakd
bevi
timd
outlustre
oereaten
briefne
unhappied
leavetaking
increasd
entring
watrish
scathful
thimperial
misbhavd
nightwatch
overtaketh
unquestiond
martyrd
embayd
selfslaughter
normans
archheretic
dislikst
awasy
ropesend
lovdst
entertainst
grimlookd
slippd
cleard
pompeys
soild
quickwitted
teipsum
vanquishd
softend
arviragu
bedclothe
cojoin
accordeth
sinnd
dreadthat
daintiest
gratillity
knaveford
hyen
scanted
longgrown
bloodyscepterd
unwitted
unjustice
threatned
oerpressd
braggard
asketh
advertisd
prolongd
lipsbury
trophie
finene
unmatchd
jacet
tutto
bartholomewtide
enea
mouseeaten
distil
thoma
hornmad
sauf
thinbelly
worthied
shelvy
achievd
bajazet
counselkeeper
breakst
copiou
peerout
falsefacd
di
taxations
act3sc3
gambold
whitst
seeling
fatroom
dearbought
biggen
respice
pandaru
placentio
chaple
fixd
historicalpastoral
resignd
angier
narbon
110
englishmans
palene
seabanks
warworn
parcelld
archidamu
woodbird
attaind
oerflow
ashamd
condolement
rashlevied
twicesod
sprites
idleheaded
freene
hoise
loave
moreand
caeliu
bouciqualt
censurers
steepy
bowd
snatche
engaold
burnishd
utensilsfor
pourest
ift
venommouthd
skirmishe
unmuzzled
pickleherring
thanes
buckbasket
sweaten
baldpated
wrackful
ba
viledrawing
oermastert
103
falconers
horna
bedrite
surecard
travelld
whonay
straiter
barepickd
frenchwoman
aidance
unseparable
startst
ast
homme
lewdster
eil
comingon
beatem
clew
earnestgaping
callt
witcracker
demidevil
titleless
gra
bydrinkings
mastred
swellst
virginlike
servst
12
manyheaded
tillyfally
aemilius
33
voidinglobby
publius
frush
sheepcotes
redfacd
fiftyfive
falsene
smokd
humblemouthd
serenissima
youll
mackrel
everrunning
conrade
putrified
sumptuou
embassade
toothdrawer
suckd
happd
enfoldings
landservice
wagd
meritoriou
nightrest
diomedeswe
properfalse
oerpast
wheeson
himhath
mounseur
occulted
evd
marriagetwixt
scornd
dukedoms
brecknock
le
prickeard
hidest
truefixd
sepulchring
aconitum
choppd
creamfaced
nevils
impressd
likethat
litterd
bindeth
soldierlike
misst
levelld
livdst
lusted
hujus
ps
aiaria
gadshill
unrakd
breeche
hissd
laquais
conditiond
fancyfree
fagot
birdbolt
wraths
indued
pangd
fivescore
bemockdat
deepdrawing
sonneting
uneared
oerpay
153
insteeped
reportst
curiou
bondmen
mastergunner
bechancd
shovd
stokesly
sillycheat
warea
fellowst
eltham
freestonecolourd
cneiu
smotherd
blessedne
punto
noseherbs
slaughterou
thereuntoa
azurd
quarterd
vici
alarbus
liefest
appelezvou
opent
foreknowing
procurea
10
richleft
importunacy
enjoind
justeius
pressd
quaffing
suffert
questionedst
seemd
fairwell
newtaen
sworder
resolutes
splitst
neeze
noster
heartsout
glassfacd
lilyliverd
schooldays
disbursd
antoniad
evitate
losse
coznage
wishd
bathd
calmne
trialfire
1598
ble
ayll
vailed
controlt
wenching
domitius
opulency
buttring
navezvou
brightburning
highplaced
pailfuls
groweth
unkinglike
nestorlike
diggd
unchary
wellwon
contre
overgreedy
flatterst
lethargied
quea
mousd
allowd
phantasimes
timele
bishopdid
fellie
antiates
mightine
caraways
unsquard
slomber
statures
emulou
semblative
scuse
hanghog
nonperformance
appelee
boistrous
gi
thi
travellest
seaswallowd
vauvado
cavekeeper
lackd
firebrands
thsailors
reversd
attainted
unaccustomd
executioners
enmitie
bulwarks
oerfraught
hedgeborn
enswathed
usurpingly
shins
dauntle
illdoing
woot
50
enrobd
hoyday
bossd
letterspatents
dramati
phrynia
counterseald
mynheers
outsport
amien
plumtree
peseech
waterwalled
roderigo
limehouse
slaughtred
restem
loopd
acknowledgd
spurio
eclipsd
gardez
silverbright
wezand
barkst
tannd
demiwolve
greatgrandfather
fastlost
oerhasty
hearsd
athol
halfmoon
campeiu
prizest
unroofd
tempestuou
guiltle
fagots
tm
5
discontenting
dryne
gibbetmaker
soldrest
intertissued
rarst
21
chimneysweeper
prepostrously
truemeant
partaken
incaged
truethe
unhandled
grassplot
infixing
reind
brainle
underhonest
apollodoru
wellplease
seld
faitors
pettitoe
singlene
tambourines
glo
daringst
mrcnextcsouiucedu
louted
disanimate
baptista
tithewoman
adsum
ariseth
welladvised
headpieces
termd
bandog
threequarters
clerklike
selfapplied
longparted
amazedne
takst
alm
keenedgd
ransomed
congreeted
assurd
mestime
oerbearing
bankrout
beardle
hencewith
illusd
renewest
helias
absey
childkiller
rascalwould
soddenwitted
vowfellow
timberd
1612
lilytincture
limetwig
heavnly
womby
farthings
blistred
forrest
payt
sheangel
melun
amurath
impre
whatsomeer
l
deboshd
forgd
plebeians
strongbarrd
fingres
speechthat
coesar
thoughti
cadmu
smilst
sickd
blackbrowd
quarrelld
148
tripevisagd
messala
disproportioned
fairne
ple
30
buzzd
unworthine
unconfirmd
malmseynose
droppd
oldfacd
roselippd
councilhouse
victoriou
flowr
tablebook
reremice
reachd
aio
shortned
dotant
expird
miching
infirmitie
enamourd
enshielded
artemidorus
rafe
deadkilling
complimental
boild
honesttrue
outwardsainted
downfalln
abergany
outi
robbry
pullt
fe
heroe
congied
mouldeth
argu
workyday
trompet
rosaline
distingue
hillhe
ferrers
pokingstick
coutume
dragonlike
untasted
vieweth
cursies
violdegamboys
hornbeasts
desdemon
agenor
benchd
lestrake
priams
sycorax
earnd
bydependences
senda
proculeius
sliverd
tilld
proteu
contemning
stingle
loftyplumed
presupposd
fatherinlaw
athversary
overread
outvenom
troyans
piou
groand
demesnes
misse
resurrectionsgive
requireth
misthought
imogen
standunder
emptyhearted
triumphd
selfloving
waterspaniel
doits
forgetst
enfranchisd
canidiu
plantage
didest
thunguided
misanthropos
thatthat
asin
putst
contrivd
regentship
bethumpd
bonele
unaptne
tenderminded
wretchedne
outvied
overgorgd
possitable
allobliviou
criedst
unrecuring
bosoma
pencilld
continuantly
vurther
coldne
asshead
sovereignest
southwell
exhald
proce
outfacing
sidepiercing
majestys
angleterre
hurlyburly
voluntaries
seald
lenvoy
nippd
bemadding
bookoath
fireshovel
mala
approacheth
abaissiez
twoleggd
pompeius
newmade
c
mird
vour
indignations
fleering
dere
traducd
gualtier
closestool
samehigh
mutinie
124
feater
pitifulhearted
pretia
brooki
seni
largehanded
toge
shebeggar
aialvolio
sirrahbut
correctioner
encountred
displanting
suffrages
dissentiou
deepbrained
truebred
empleached
tenderne
forethink
baffld
theoric
equalld
makele
nightdog
autolycu
givea
meo
revivd
highvicd
belarius
pantler
promisekeeping
unshakd
falliable
infantlike
confesst
tormentst
gravemaking
killingworth
nebour
unstaid
confinele
wellappointed
gravelld
carduu
dippdst
inchthick
valiantne
66
memorizd
bezonians
chaind
stilldiscordant
tisick
oerpaid
sicklemen
enlard
jule
ruffiand
emballing
notarys
hersto
bowcase
tundeck
consequen
pleasd
cherishd
overbold
hushe
neertouchd
ofephesus
oppre
unbruisd
pardont
seasorrow
oerflowing
bleard
perisheth
untirable
oerbear
cominius
nightfoes
thoult
successantly
yaughan
act3sc13
covetousne
routs
undeservers
horrider
illheaded
volscians
enthralld
exsufflicate
vagram
unperfectne
unsinewd
badcauser
volsce
murmurst
tantaene
flattring
ost
arviragus
loveshakd
murderdfor
lulld
goodliest
shortgrassd
nickd
augurer
freshbrook
lacklinen
jaquenetta
fiendlike
necessarie
polishd
wellchosen
unseasond
menchildren
conceivd
mistresswhat
clotharius
foulmouthdst
overboldly
illcomposed
geffrey
skie
armgaunt
1594
justled
smothred
eschewd
philotus
milksops
divinest
begnawn
thouwill
rankne
wilfull
pilld
bestowt
heartly
apemantu
woewearied
hoste
barrenly
rushling
furyexceed
jigand
mournd
hearkned
victorie
closene
31
highgrown
qualitie
dealest
gravemaker
seastorm
mavez
balletmongers
overname
haild
trebonius
answert
firmne
holdbad
hollowhearted
curseon
daventry
kidfox
strond
oathbreaking
shriller
allhail
intergatory
followdst
biasdrawing
wretchcd
arrivd
pauser
emperial
113
sacrificd
heedle
sharplooking
trunkwork
roted
stilllasting
waywardne
glander
omne
charle
greeneyd
outroar
philippan
polixene
lawattorney
poisondillfare
guesse
lashd
attendst
fastend
marcius
overhold
sperr
firmset
twentythree
mouthd
tattlings
ringd
menatarms
dirtrotten
illseeming
strewments
37
moys
hatchd
awooing
counterfeitly
dislodgd
topbranch
undrownd
forgetfulne
volumnia
cerements
unbatterd
sharded
rebelliou
freshfish
act4sc13
scurrilou
quickst
unmannerd
gleek
subcontracted
soureyd
rejoiceth
sware
preferments
inhoopd
sinel
affy
quando
cornuto
bouge
semproniu
stonebow
eanling
tattend
twink
imagind
crestle
priestlike
wakst
tremblest
unrighteou
foulst
unprizable
oclock
boldbeating
truedisposing
corslet
foreshowd
simpring
pheebus
choru
oergone
sud
dirst
leontes
recured
talkest
neverheardof
gravediggers
shameproof
indrenchd
remaind
christenings
wellpainted
selffigurd
boothose
falleth
quods
holdst
unminded
murmurd
distre
celsa
unanswerd
pastproportion
epitheton
bermoothes
brookd
trickd
alisander
barricadoes
abergavenny
tinctures
autre
towho
ungeniturd
malthorse
speaka
ce
trumpeters
rivelled
colville
buttrybar
andronicus
unthankful
scourgd
suppresseth
notofthenewest
misconstred
illstarrd
stretche
pythagora
isto
shipwrecking
seeto
dishe
aeacide
knowest
berard
dischargd
fatne
mappry
forerank
86
cymbeline
difficultie
magni
doublehornd
entreatie
contemned
chairday
refusd
mehercle
resolvedly
shrewdne
archvillain
sinabsolver
journeybated
interrd
donnerai
cheapside
senis
signieur
famd
jaques
congruing
newappearing
palisadoes
kittend
ruthle
bassianus
saucine
ruddine
cherishe
jeshu
turmoiled
longlane
pickthatch
lurketh
unseducd
huberts
pibblepabble
fleshmonger
sealdup
thoudst
selfmettle
foemen
strangermarch
overpeerd
illwresting
custalorum
martiu
agamemnonhow
chares
upholdeth
catchd
136
declind
rigorou
untender
magnanimou
lookingglass
railest
marrie
bruisd
haud
bono
usuring
takingup
chez
desirst
overglance
halfcan
fustilarian
dearne
reservd
rottenne
comutual
beingwhereby
counselkeeping
intelligencing
vell
oerwatchd
afterdinner
61825
adventurou
ragd
cimber
unforfeited
foundred
whord
misprisd
furie
nestorwhose
privilegd
unworthier
figleave
slish
loosd
haveay
halfachieved
unpartial
voltemand
wellacquainted
thae
oertaen
canarie
knappd
cashierd
departst
solemne
avisd
wonderwounded
variest
intentively
splinterd
alderliefest
squandred
injurd
aforehand
cuckoldmad
congeald
framd
dislimns
lessond
complaintof
havean
unlookd
untired
punishe
archbishops
herbertstay
ransackd
superdainty
lockd
siri
vainglories
deiphobus
ungravely
busky
dispraising
servilius
slainthe
privilegio
crost
tripleturnd
gilliam
wellorderd
ifthou
harfleur
ascaniu
preposterou
rudand
officd
prain
timebettering
menenius
publiu
sheald
admird
consortest
quailing
doricle
plighted
supportor
fourinchd
roughhew
justborne
ecoutez
morrispike
drawnthere
visardlike
countrys
fighteth
boskos
engagd
anonymou
toandfroconflicting
understandst
overkind
unscourd
nevr
askd
gainsaying
longtongud
upstaringthen
preciou
bretheren
towerd
wenche
fornicatre
waspishheaded
ladyinwaiting
conected
gawded
cassado
hungarys
adorations
highsoaring
egregiou
highsighted
appertainings
sextu
lurkingplace
benumbed
unpleasing
rivalhating
youthat
ravnou
horum
reynaldo
luciliu
fut
addre
wul
experiencd
cambyse
broking
hearthe
payest
berayd
varriu
jasons
halfstewd
wellmeaning
outdone
wellmounted
trenching
waterwork
westmoreland
appeald
patternd
unowed
earthwhy
cunnings
dizzyeyd
ordred
dardanian
doghearted
ap
wappend
crushest
highwitted
sickend
mounteth
confesseth
lustiest
publicola
revengingly
redresse
questiond
nointed
mossd
fishified
singerhe
bodgd
downtrod
gothe
chawd
crieth
maythat
banes
santrailles
noverbs
bullbearing
unpeaceable
blackfriars
goldbound
moneybag
somever
cleopatpa
pleine
crownd
lasse
thystout
lyingst
tigerfooted
photinu
hardne
carca
27
sphered
blooddrinking
cankers
trialday
repind
oerlook
newcrowned
dewlap
perspicuou
cd
jurement
featherd
foutra
greeneyed
distaffwomen
guessingly
endurst
forethinking
shavet
politicly
donea
poppd
halfcheek
smoothd
academes
unthankfulne
germain
periwigpated
serviteur
breese
increaseth
towton
oersnowed
seniorjunior
batterd
blacknay
widowmaker
backd
blackst
browsd
installd
encloseth
penaltie
dashd
tempred
o
attendent
forewarnd
neapolitans
thicklippd
highbattled
edm
mamilliu
angerd
ord
doublene
wellbeseeming
toild
cabilero
dutie
unburthend
unreconciliable
hirtiu
hempseed
windowa
seet
madst
eftest
compassd
extremitie
notare
pitchd
nearne
foolerie
mournst
childeric
feebled
ramston
demetriu
returnd
wearie
fullacornd
sackbuts
thout
newdated
badst
reverbrate
concerneth
tis
quickning
underprizing
tagrag
patrone
strifes
prompture
pyrenean
summerseeming
undreamd
strangene
haught
pronouncd
pleachd
allpraised
petruchio
solanio
magistratesalia
notfearing
incertain
sheweth
oereye
tallowcatch
philadelphos
feu
poictiers
denid
weddingday
candlewastersbring
plumepluckd
nole
salerio
uncapable
ungaind
wideenlargd
sciaticas
fontibell
dearpurchased
foi
stanchle
untent
crimeful
delayd
quiring
franchisement
fullwingd
respeaking
bullcalf
purus
recoverd
smilest
misshapd
illumind
oerchargd
revengement
enrounded
154
1597
kikely
antiopa
rivality
zwaggerd
sundred
muzzld
tokend
pucelle
foix
heedfullst
middleham
sickne
unpleasantst
intentspeak
evrything
mellifluou
palehearted
sidesleeves
aeacida
contenta
meacock
confind
seldshown
majestie
paysans
smoothtongue
thoust
sadhearted
metellu
feste
thricepuissant
avez
oldne
meshe
fretten
assaileth
silverwhite
unvirtuou
savagewild
withoutdoor
parleyd
bowboy
stockpunishd
horsestealer
neighbourd
voudrai
lavinia
fourscorethree
cassiu
libyathough
frogmore
inauspiciou
cheekrose
facd
101
illdivining
illwind
orbs
unpitifully
heartheaviness
worldwearied
lilywhite
elvishmarkd
sicinius
piecd
uncheckd
swagbellied
act4sc1
faithd
lionmettled
godgod
wivd
curtaild
northumberlands
foold
filche
unswept
cypre
flapeard
bilbow
19901993
lacies
cluckd
unfortified
crossest
garrisond
compt
horsed
88
lictors
deadand
unfellowed
pyramu
enclouded
poysam
famou
endurd
enlargeth
ipse
sealike
doute
constancie
inviti
ropemaker
misheard
cs
venit
scaped
newmarried
mistriship
scaldst
presageth
unattainted
tevil
minola
wellwishd
distilld
informd
departedst
oerpicturing
reanswer
everesteemed
heavd
berowne
didbut
receivd
destroyd
companie
strumpets
earsfor
snapperup
decius
shunnd
veild
horsepi
polecats
immoment
angring
owd
donalbain
gelded
engrossd
fathomle
fencd
arion
dieted
chewd
cowdung
heartsorrowing
ahooting
selfborne
roard
sblood
heryet
praisd
pursuivants
splitted
deafd
debuty
tellu
fortunateunhappy
labienus
safd
dreamst
impressest
liquord
chafes
repeatst
greatgrown
archmock
36
inhearse
mewith
airthe
markman
almain
butterwoman
honourible
spanishpouch
versewhy
mediterraneum
neglectingly
bianco
honeyd
burbolt
corioli
drowsine
captum
breff
choughs
cressids
enernie
engrafted
defild
matchd
peaceparted
tassail
oerwrested
enrichd
clearshining
rushe
heavyheaded
beggard
lanklean
allseer
auspiciou
voce
smalus
unrippdst
rustics
welshmen
fancymonger
epicures
oscorbidulcho
carlot
forcele
foreskirt
heavn
foild
bei
beetleheaded
enguard
chidst
tabourines
jeronimy
jamany
heardst
armado
listend
pandaruso
fatbraind
hagbornnot
tewksbury
unhidden
bloodbespotted
infusd
whereuntil
foresay
preciousprincely
powr
undiscernible
feelst
cloyed
daffed
grecians
peckd
pintpot
eliad
octaviu
nominativo
southam
insultment
nonsparing
cicatrice
6
seein
seemest
comptible
bescreend
dividant
wishe
sourestnatured
selfbounty
parolles
leggd
weakned
fleshfly
je
newadded
chequerd
58
bedswerver
marted
adorest
welcomest
witold
heavenbred
etext93
unqueend
goffe
opend
newdelivered
canidius
dizy
vant
lym
clackdish
purposechanger
stanzo
denni
knolld
menecrates
pityyet
honeystalk
unworthiest
velutus
zenelophon
cozeners
gests
margarets
qui
bitterne
welllost
mightyyou
flowerdeluce
unwedgeable
pajock
complexions
secretst
flusterd
noblene
palfreys
oertop
fingerend
wellfavoured
tuggd
thebe
25
venu
outwall
bumbaily
fielddew
adallas
camst
incertainty
endowd
unswayable
magnu
vizarded
gimmald
shotfree
remembring
lovedst
whelkd
doubledealing
crazd
poorjohn
ambiguou
concernd
fartuou
pleasest
discolourd
tearfalling
comme
rendezvou
mountaingoat
bia
neversurfeited
osixpence
feefarm
hugene
faceroyal
mephostophilus
shrilltongud
jackslave
oerread
lucifier
saltbutter
sablecoloured
latewalking
reigningthere
lovesong
finem
fallows
stoccata
greekish
unseverd
unseminard
smelld
purifie
teachest
vou
wifebut
apricocks
enamelld
beanfed
youfl
manfew
cressid
middest
saltiers
pursuest
offensele
scrowl
overworn
humourd
doughtyhanded
packhorses
oerweigh
arinies
heavenmoving
brushe
waswhy
witne
bedfellows
dromio
worts
peachcolourd
sa
oercoverd
posterns
flaminiu
burs
andirons
cowish
igni
conceald
gavet
extermind
rammd
p
spendst
cotus
persistive
sedges
extraught
nearst
jealousie
harpd
cozenage
insisture
houseeave
lordings
bestowing
highst
thunderbearer
hewd
eaglesighted
feltst
applejohn
heureux
writhled
treasurehouse
cherrypit
shewolf
coverd
churche
amazeth
mered
newplanted
stretchmouthd
aidant
lukes
distasted
inscrolld
mouthmade
dafft
arrearages
hesperu
foundst
groundlong
cowarded
scorndst
bachlorship
immurd
annoyd
inventoried
vicentio
easine
overcredulou
fivefingertied
busine
kitchenvestal
neatherds
concolinel
awaythe
poisd
caddisses
geminy
oermatchd
plenteou
strangelyvisited
dorsetshire
heapst
ped
windshaken
ransomle
barterd
turnbull
lieand
outsides
ici
ottomites
washe
aquilond
almsdrink
deiphobu
bleedeth
spectatorship
threefoot
grumio
drugdamnd
vouchsafd
andronici
unpolishd
tawdrylace
syracusian
insinuateth
denayd
minutelacks
befortune
francisca
excellencie
deepgreen
lovebed
borrowd
unkissd
pourd
glistring
exposd
illshaped
windlasse
moorfield
cality
unmeriting
individable
moldwarp
calydon
foolry
withred
temperd
andhow
untund
theseu
arrivance
untrimmed
alexanderhow
thricefamd
thrifts
farewellyet
surprisd
haple
ribbreaking
offerst
eget
saltsea
139
comst
helple
138
travers
spanield
ventidius
reformd
suivezvou
espousd
scaffoldage
jumpeth
appertinent
hauf
stomachers
evenchristen
seamarge
sentencd
betrothd
outcrie
enormou
remercimens
mummers
undeeded
unbewaild
starveth
custure
taleprithee
livetrue
happned
deliverd
halfhour
imprese
wallnewt
composd
straightpight
foulne
act4sc2
manentred
fitne
disjoining
reapers
scarfed
awakewhy
continency
gardners
neverdying
clerestorie
decayd
barricado
dancingschool
bodements
intenible
raisd
carbuncles
cutst
epistrophu
dogfox
tortive
formd
kindnesse
sinkapace
upreared
twentyfive
newbent
vexd
slowd
affectiond
skyaspiring
soughtst
chaces
lifele
menacd
sleepst
ramtender
neverresting
uncase
myrmidons
ditil
pickbone
sweetsavourd
signifie
recomforture
pitile
slowne
disposse
rochfordone
capitaine
forerunning
overchargd
prosprou
unsanctified
glou
nonregardance
rudene
throwt
zeals
youwondrou
soothd
wouldt
procurd
stoopd
vidi
guestcavaleiro
illweavd
incestuou
marullu
selfmisusd
deformedst
seemst
prawls
offendeth
nubibus
perturbd
fatwitted
dashe
solongsundred
fer
blazonst
nou
kingand
heapd
shrivd
antipholu
touze
shallowhearted
envenomd
pentup
timebewasted
margarelon
thisyour
misspoke
hominem
fatalready
danglai
chalicd
discase
informdwith
ligariu
antoniu
wanteth
begst
lowrated
simplene
gagne
offcappd
upswarmd
pring
sedgd
unbelieved
didst
neighing
popilius
cuckoobud
christianlike
truncheoner
numbring
eyeban
ducats
freet
horsesa
ete
contrariou
whoobub
pible
himlet
temprance
troyan
eagerne
chartreux
bestained
reconcild
telamonius
palsyfumbling
unexperiencd
intrenchd
deflowered
belgia
cowd
abjurd
selfendeared
genitivo
delivred
seyton
answerest
act3sc12
larron
bickerings
heire
dolphinlike
conspectuitie
mannersa
illinhabited
postposthaste
98
rebukeable
curdied
pepperd
vainer
mistempered
marybud
gibingly
enfranched
dreadbolted
deni
gutenbergtm
neanmoins
wrying
hovelpost
shrugst
consumd
countnance
wedlockhymn
almanack
ay
pellmell
mountant
learningplace
winkst
hostessship
espie
posthorses
reinforcd
questant
harmfulkind
proface
outdard
waterpots
accusativo
workingdays
aunchient
sardi
alterd
yhave
loudhowling
aspird
burneth
tenvelop
ceasd
dit
murderou
adventrou
quoniam
portcullisd
mirthmoving
offred
witle
shoulderclapper
corantos
grossne
supplyment
pilfring
spie
proportiond
villanies
waspstung
dearbelovd
inaidable
oerstep
spritely
prejudicate
chirrah
whoahohoa
tarquins
outworth
specialtie
censorinus
micher
grandjurymen
pastorals
selfsubstantial
undiscoverd
dickon
1601
kitchend
contendon
strivst
darkning
bargaind
closetwar
kilnhole
comefalse
rivo
villainlike
movst
flatteries
theti
beggarfear
unexecuted
recompensd
incurrd
oerposting
concludst
spycome
tre
boldned
bedhanger
hardfavourd
fleerd
disseverd
arolling
citywoman
pumpion
sperato
adying
appeach
allurd
besttemperd
unrespected
disponge
famishd
stockd
misbecomd
votarie
unshape
subtletie
duteou
namest
uncurrent
enjoyd
humblevisagd
conycatching
heavythick
sterner
enthrond
subtlewitted
deara
unclaspd
oertopping
lovesuit
newenkindled
sluggardizd
shipwreckd
requit
similes
brightshining
heure
usest
strippd
spavins
jamy
dewlappd
halfconquerd
forsaketh
deuceace
dulleyd
learningthe
obliviou
bedrench
weddinggarment
vileconcluded
prolixiou
forestborn
thiefstoln
rebelld
nursd
snard
condemnd
patche
feedst
flewd
houseif
despitefulst
revokement
contento
beart
ahanging
filld
primroses
enscheduld
unregarded
slandrou
gallowglasse
chooseth
newcrownd
prosperd
buttocksthe
traind
aucun
banquo
waitingwoman
desirers
courtezan
pennd
perdonato
licha
sweetcomplaining
enemys
blindworms
suerly
fairand
ordinant
manent
shouldershotten
disbenchd
huntre
adriana
bracy
deathdarting
scorchd
dind
doublefatal
breakt
hinc
restord
burningglass
spendest
unvarnishd
moraler
baptizd
pendulou
confirmer
heartwhole
kated
unprund
berhyme
goot
89
unprizd
caphis
excusezmoi
usances
eyebeams
reacheth
perseu
enon
brundusium
falsespeaking
speedine
arie
gioucestershire
perishest
gremio
copulatives
blains
everliving
approof
abortives
salicam
logman
unrightful
prentices
hatst
enrooted
disguisd
shardborne
furnival
flowring
stithied
millsixpences
cradlebabe
tereu
tonguetied
capucius
meshd
openeyd
adulterou
muleteers
ruttime
parkd
infamonize
woolward
immask
cloyle
priorie
tardine
welldealing
spiderlike
chimurcho
tearsheet
anatomizd
seawalled
etexts
promisedst
wellrespected
hitheri
relishd
miscalled
contenteth
kingatarm
standingbed
slanderou
bigbond
villanou
suretylike
prickt
coyd
corin
ordaind
goden
selfexplication
incidency
blowest
faite
lau
perke
wilfullnegligent
prophete
clouted
feverou
muffld
prisond
chamberhanging
goddild
habiliments
derogately
tirevaliant
prepostrou
unhallowd
capacitie
behalfs
outlivd
garliceaters
olympushigh
illfavouredly
overgone
donnd
punishd
unfinishd
revengd
pipewine
clept
mountainforeigner
wagerd
overpartial
harbourd
goodfacd
lustrou
miscarrie
flieth
bisson
coctus
cloquence
poulter
melancholie
stillwaking
bohun
patroclu
gutenbergibc
blisterd
ts
begant
watchingit
cautels
finebaited
ifaith
ploody
gleand
lightne
wivesand
encountring
chevaliers
fourandtwenty
checkd
overscutchd
lowne
perceivd
repasture
ailst
beggarlynor
goliase
rescud
selfwilld
bountie
emperorcaesar
redre
approache
vaporou
cullions
strongribbd
spakest
goodfellow
caincolourd
goodfellowship
receivet
tomyri
majestee
netherstocks
couper
infixed
zir
pinse
lowspirited
pampred
allshunnd
hallood
colme
unshout
armie
quatch
turkeycocks
clammer
unharmd
riche
haps
extincted
afterlove
weddingdowr
aquavitae
ero
evileyd
22
illumineth
gnawd
conceptiou
sovereignere
toomuch
leavend
seest
beseemeth
carvdbone
grumblings
kingsdisarm
mannd
witherd
unsifted
lutecase
seawing
pushd
threenookd
embowelld
flourisheth
toldst
perceivet
dhand
familiarbut
wreathd
dishclout
oerslip
eaux
murtherou
encounterd
shageard
41
envie
transgressd
bechanced
strengthle
numbd
sovreigns
oershot
meeta
scapeth
injuriou
strawy
milkd
vocatur
saucd
childishne
oe
baisant
possesseth
submergd
toogood
scholari
afterinquiry
rousillon
tamora
dicd
limpd
unbraided
moming
unmingled
flavio
shipwrights
outdwell
unbefitting
cowardship
calldst
unraised
asis
madheaded
woodville
bestowst
sheld
stagd
whelped
newapparelld
leanlookd
dispursed
favourd
resurvey
sizd
tonguele
chancd
pointdevise
stanze
purgers
regan
marle
inmargaret
panderly
overplu
balladmakers
pamperd
affordeth
behavd
orodes
bleedst
cardecue
byt
hackd
fust
selfdanger
courtodour
flapdragons
weand
charterd
paringknife
126
fairjudgment
uttred
montez
endeavourd
shapd
prickd
balsamum
leeks
diesto
towerwall
buskind
rippd
blushe
lessthanlittle
darkned
oerlabourd
bewet
cypru
understandeth
clamorou
despisd
flayd
fiveandthirty
landle
accusd
sustnance
sorrowwreathen
thickribbed
enemie
strangedisposed
selfoffence
slewst
scrupulou
fortinbra
falorou
trinculos
23
benche
crum
ifs
mongrels
unavoided
flowret
dryfoot
adjoind
wedst
wellbelovd
duer
preferreth
welleducated
weept
flamecoloured
heme
oergrowth
sherrissack
unhappine
alllicensd
100
deard
peepd
chapless
syrups
newtrothed
intermissive
unprepard
withold
baubling
longst
coachmakers
greatbellied
jarteerhave
remi
palpablegro
robbst
urs
tella
windowand
exceedeth
lovespring
brayd
honestnaturd
discernst
yoursnot
horseway
edmundsbury
angerly
baldrick
dotards
deservd
leve
courtlike
highproof
strewst
106
glittring
superfluou
overlookd
wisheth
bethrothed
lottry
michaelma
bayd
requickned
asaph
vigitant
attorneysgeneral
topa
luciu
indigne
cheshu
gramercies
baulkd
idolatrou
legto
hercule
covertst
notand
ninu
wether
vaultage
musterfile
untreasurd
wellfavourd
odiou
kneedeep
mercie
unbookish
newchristned
languishd
peache
jarteer
fearfulwherefore
argier
wooe
extolld
heleni
antonios
taleporter
strongwingd
maket
disje
campeius
sheepskins
disseat
cesse
muttons
believd
starings
unshaped
glansdale
urgest
sergeantatarm
paind
vill
imitari
underbearing
outstrike
bridebed
prometheu
producd
rhymd
diest
fet
ploughtorn
unmellowed
59
abroadanon
intituled
mio
feated
mannersbeing
throca
shortst
illuttering
cydnu
hopethat
gentles
bareribbd
meanst
pulld
gibcat
wiselier
sh
supportance
sinon
encrimsoned
redressd
oerrules
48
abels
96
loathsomest
wheer
vaux
beckning
quartpot
reechy
fatigate
drovier
waxe
darkling
laughd
leashd
undervalud
witsnapper
bothmy
sevennight
shefoxes
barful
somethingsettled
servantmonster
adord
acquird
gluttoning
feil
gratii
discovry
copie
lanceth
darraign
nightshriek
packd
paragond
lastfull
seamaid
augurers
dangerou
coronationday
liest
oercast
brakenbury
preceptial
iaculis
melet
warmd
guysors
scamble
jealou
alladmiring
murrion
toesyoke
loveinidleness
tinderlike
unconstant
sleepdie
overpeering
unvenerable
interchangement
bli
act5sc1
unpolicied
misproud
calen
recomforted
woodleave
graveli
denyt
allayd
heatst
softlysprighted
brookonly
ensteepd
benvolio
sleided
unfamd
yourselve
buoyd
brevi
blesse
cullion
diningchamber
equalitie
coheirs
moistned
deadlystanding
slipperd
powdring
simoi
vizards
lusciou
slewest
mercatante
schoold
keepst
fixeth
heatoppressed
overmasterd
fortunetelling
chokd
waywarder
cofil
himno
dothyea
largene
ainsi
parchd
oerpressed
fullfraught
snailpacd
63
hindred
scarcecold
passd
claudo
reapd
lingerd
drunkenne
trustof
boldne
stoutne
anthropophaginian
bracd
bor
flowersoft
cheerst
prevailment
curiousknotted
obsequie
bookmates
obsque
arme
disorbd
communicatst
120
redhot
uprousd
highjudging
lurchd
allbinding
porche
etextetext93
redbreastteacher
selfcharity
egre
theyll
coragio
lovecause
charitie
lustdieted
torcher
strongst
wealtlly
charneco
leadst
soninlaw
acordo
provoketh
oerwhelmd
doricles
warrantize
aripening
enoughwill
benedictu
stewd
illspirited
serpentlike
highengenderd
virginviolator
usurps
sadeyd
greeing
duche
heavenlyharnessd
wafercakes
magnificoes
intelligo
damnedst
committst
borea
troiant
palating
youre
greatne
irreligiou
narine
whipt
womanone
comfitmaker
petar
emptie
youwell
parcelgilt
overroasted
droopd
marvllou
downrased
pisanio
mahu
toucheth
windchanging
appelant
diningchambers
oerrun
surfeitswelld
fatkidneyd
uncurse
dangleterre
shoutswithin
fearst
spightfully
ensnareth
clapperclawing
thricevaliant
ryestraw
banishd
believest
offendendo
sighd
interjections
oxlip
rarene
softne
complaind
pigeonliverd
bringeth
honorato
riggd
firago
pioner
wantst
bookd
115
rebukd
brutu
wingd
arow
amities
eyases
verg
undot
tombe
bonaroba
cogscomb
smirchd
curtsie
imposd
overturnd
insculpture
chaud
warranteth
abridgd
flutterd
glistering
lyen
epicuru
unfed
aristode
dearst
trilld
furbishd
longstaff
supposest
waternymph
prefixd
dich
bearingcloth
cital
mossgrown
standest
hermione
liggens
unthankfulness
fillswhy
forevouchd
8
conie
shrillgorgd
whitebearded
hardned
seanymph
84
melteth
78
au
playfellows
deservest
wooingly
crimsond
shrow
keeperback
shamd
armthe
oergrown
twoandforty
tormenta
plagud
abhorson
revania
tittles
gluttnou
selfharming
profand
pursd
perniciou
boundeth
stuprum
doat
directitude
varlets
chien
patay
claudios
sixorseventimeshonourd
hibocrate
coind
childchanged
rosalinda
94
displeasd
thirtie
fangd
selfreproving
rebusd
pomps
tennisballs
unrestord
sanctifie
cloakbag
fidele
setst
deliciousne
cloistre
peeld
ransomyea
siliu
boneache
frownd
theban
inot
133
vauntcourier
hearsmine
pashed
prunst
venomou
pueritia
infirmities
scandald
succedant
cordelia
vetches
arepairing
winnowd
cogitations
watry
clouts
mellowd
petitioners
foolishcompounded
windshaked
pewfellow
capilet
ercle
reprehended
onetell
direlamenting
andt
benevolences
pinkd
adieus
57
juda
wellgracd
faintne
welldeserved
overgoe
penuriou
dumain
wolseyhere
observancy
greatst
grazd
movousus
deifying
branche
forebetrayed
barene
argosies
ahungry
fumblest
grandsir
subdud
72
cloten
toaze
26
whitehanded
bibblebabble
incensement
leperou
secretfalse
reguerdon
annexd
furiou
pardonamis
sessa
bloodle
fulfilld
dishd
witnesse
struckst
pignuts
psalteries
grund
torturest
advisings
oddeven
moyse
1
cavaleiro
emrald
wellremembred
compulsatory
cursy
gogswoun
freefooted
strown
sunbeamed
standerby
recoverddesire
possessd
butcherd
chastisd
capel
characterle
vanishd
forslow
worrie
mistempred
holdeth
hyperboles
patchd
unpinkd
nervii
jovem
foolshead
esses
pariament
saidi
enterlike
adoting
caliver
wellliking
wedgd
mounchd
prosperou
sweetmarjoram
actiontaking
unnoted
riping
multitudinou
grafters
unbruised
sanctimonies
margent
unlearnd
restle
tendersmelling
highstomachd
lookinggla
sluicd
depender
compartner
englishwoman
modo
epidauru
howeer
quickconceiving
lasciviou
upont
layerup
giglet
lacklove
unrespective
behooffull
scelera
fangle
noi
magnifist
2
fullreplete
hundredpound
enfeoffd
selfaffrighted
resumd
mistaen
impudency
halfbrother
ditchers
rayd
peereth
amazedness
daisie
cautel
faulconbridge
concernancy
plotproof
fetcht
shepherde
whatyecallt
recountment
selfdrawing
norweyan
ragofmuffin
rageth
militaristthat
fausse
act3sc6
commande
walkd
giantrude
pauvre
alligant
carele
sensebehold
orangewife
obidicut
contemptuou
statiliu
maidenhoods
fruitle
fillhorse
washd
mirandao
unsisting
reckning
longleggd
sevral
18
tymbria
surveyd
wearst
fellowfault
wreckd
preache
venturou
rosecheekd
garnerd
preventst
anticly
scourd
shoughs
hor
109
offerd
oerlookd
botchd
pacorus
caveto
naple
razure
foining
speaketh
fellest
pluckt
multipotent
dropheir
imprimendum
commixed
guessd
mulier
franciae
unproper
bemete
singeth
thunderlike
unplausive
99
eboncoloured
aimd
fastned
unappeasd
opposers
brewd
warthought
mannerd
crownimperial
muliere
scratche
cotsole
overpeer
oppresseth
ging
newtrimmd
taber
tauru
welltook
chaunted
paperfacd
crudy
macmorri
widowcomfort
winnowed
cruellst
selfunable
tavy
iago
greatuncle
bergomask
halload
officebadge
wealsmen
vaillant
oerwhelmed
lordline
reckond
oercrow
ki
opning
74
halffacd
yielderup
rugbymine
quenchle
combind
hortensius
anddo
mewd
oerreaches
unshrubbd
whent
adown
sportingplace
popingay
hallooing
oerpeer
pompou
thawd
scotchd
pedascule
thisne
weraday
venturd
bedashd
unlaid
slainno
sneaping
leanfacd
humh
unwhippd
toothd
manatarm
cockshut
circummurd
carbonadod
unthrifty
bullymonster
hoodmanblind
mammockd
curele
newstore
scalingladder
demuring
observd
bearherd
wellreputed
montacute
fadings
piecorner
tirrit
peaten
logget
pindaru
belman
denie
provokd
proverbd
strengthned
matin
cozend
willingst
cest
virginknot
englishd
wellentred
truie
considerd
oerhang
nettleseed
mouthfriends
speakmy
taxd
dowrie
guiltian
disarmeth
overweatherd
outran
silversweet
overhappy
benetted
bedaubd
luccicos
fathersmen
newcome
unchilded
prophetlike
4
weederout
blubbring
stillvexd
daintie
kinsmans
neglectst
climberupward
prophecie
angellike
chid
selfcoverd
partcreated
unconstraind
mowbray
lowcrooked
lambkins
lawdays
iden
longingraffed
matcheth
casketed
frostyspirited
threefarthing
basimecu
unsullied
fetterd
happie
peopld
makea
pitiedst
christom
ploughd
dolabella
wellfound
vailing
poutst
remedie
marriageblessing
deceiveth
showest
tanquam
shortwinded
acce
rambure
dyd
fadeth
isleill
152
deepfet
vitruvio
scarrd
mewling
corambus
act3sc2
powrful
posthorse
internetvmdcsouiuceduhart
councilchamber
twentyseven
manhoods
lulla
candidatu
businesse
heresies
ringwood
moveable
allie
playst
extincture
peacea
waterson
timorou
lendings
tickld
highestpeering
lilie
unlookdfor
embrasures
uproars
eardeafning
unproportiond
elegie
wellproportiond
ista
disjoind
illtuned
unrecounted
abashd
pleaset
fellowscholars
usurpst
neercloying
appri
spurnd
forcd
mistaketh
unscannd
constringd
fatuu
fireeyd
demipuppet
sharkd
bevis
speakwhen
recognizances
countrv
mutiu
abhorrd
guideriu
peesel
meekne
warrantie
renewd
sprangst
untenderd
strongjointed
expulsd
formle
speediest
umberd
immanity
betossed
thrilld
rawbond
porkeaters
ventidiu
knavry
thistles
metheglins
mockwater
flirtgills
pertauntlike
dovedrawn
draweth
trempling
daws
bowrs
calcha
unpossible
unvanquishd
impetuou
upons
wormeaten
dammd
sustaind
contemndest
keenne
blackne
breakpromise
backtrick
sofor
thatwayaccomplishd
madeup
ruminaie
vallant
viciou
stirreth
receiv
shortarmd
victler
ministring
daubd
sunrising
scanting
thart
majestas
129
pinchspotted
soberblooded
unprofited
falstaffs
threeinch
poli
alban
skyish
madlyusd
cloisterd
sternst
1607
nuthook
dumbd
murdred
mcimail
colbrand
60
tiringhouse
practisants
daisied
comeamen
swaggerers
dogapes
braind
polonius
profe
taperlight
redime
paulina
complices
philario
55
spilld
sowter
stubbornhard
persone
unhurtful
yourlogin
gaudeo
callet
giddypaced
beloving
puppydogs
basiliscolike
precontract
crossbows
unrewarded
gla
infamou
subtilly
bacchu
proudswelling
theise
hopst
clitus
silling
offenceful
20
empirics
disnaturd
prerogatife
betrims
pight
disdaineth
greensickne
alleating
unswayd
atomies
sanctuarize
calipolis
tamd
spaniellike
gentlene
mariners
prayerbook
unbracd
performt
spero
victualld
transfigurd
heartlings
geffreys
medice
selfsovereignty
espials
alengon
unbuttond
holidam
lavache
nightrule
lifeweary
pannonian
nightbrawler
convive
imprisond
meill
newbegot
whelps
fosterd
deathsmen
coelestibu
softconsciencd
stroyd
bellowsmender
testernd
beteem
archelau
70
saidst
beliest
outgoe
crossgartering
propre
larumbell
nightcrow
threeleggd
rambures
unvexd
encumbred
perfectst
stowd
oerset
heavygaited
pardond
kinred
bellario
followd
dwellingplaces
fleshe
matche
unrivalld
foulspoken
bestregarded
overwatchd
sugarsop
dayalack
rt
sont
illne
lingring
blamele
leapd
cutteroff
dowlas
carecrazd
twangling
standers
courtcontempt
amazd
oerdoing
peard
dismissd
coeurdelion
unscratchd
fatherd
shadealas
mortalbreathing
givingsout
evervaliant
wentst
shriving
nevil
fird
honorificabilitudinitatibus
gospeld
silverd
absyrtu
easymelting
bearwhelps
aliena
limbeck
callat
dolorou
believst
buttshaft
reviewest
followst
scannd
blemishd
advantageable
cockahoop
factionary
weret
apostrophas
finderout
mistresses
wipd
tamingschool
furzes
montferrat
stayst
dishabited
scribbld
unhatchd
robustiou
earthvexing
scoggin
obeyedst
disdnguishd
leathercoat
marcheth
ethiop
brownist
jackdog
throught
signorie
tenni
151
depravd
gorgd
fastly
manwhose
aboding
unforcd
thoughtsick
jointring
cankerbit
ableeding
leas
act4sc11
aptne
spurrd
leanne
selfgraciou
mysterie
quoint
pariss
overbulk
givest
delbow
behavedst
fairplay
blurrd
colcho
badne
inexecrable
boxtree
unskilfully
myselfa
recreants
apparelld
curti
pointblank
hemmd
aptest
asleeping
seasalt
devesting
nerissa
scard
rankd
melodiou
phaethon
treasonou
fasti
gaolers
neighd
modesties
fellowminister
hillo
aliis
annexment
proclaimeth
greyeyd
wellweighing
draggd
denouncd
berri
brushd
firerobd
selfneglecting
divin
eelskin
tipstave
fromt
greatnessgood
aegion
milkliverd
handkercher
bewrayd
97
disgracd
catercousins
redlattice
seditiou
overtedious
sceneverona
clysterpipe
ciceter
fratrum
murtherd
takea
unregistred
accuseth
challengd
newdyd
itchd
gagd
fortre
anape
raineth
hermiones
fo
cleanliest
sheepwhistling
acquireafter
musselshell
queenmy
forbiddenly
cousingerman
sheephook
unclefather
unbreechd
differency
alexa
neaf
suum
dagonet
daubry
plainne
masterwith
lavina
paralleld
professd
shrows
rancorou
inurnd
ongles
pinnd
quillets
willt
marcade
spannd
appelon
fedary
undertaen
beautywaning
vir
boldend
fieryred
unfoldeth
villanous
yedward
neroes
pickpurse
unagreeable
alewashd
comonty
clutchd
thickeyd
demeand
spherd
drachma
crownmeaning
phrasethat
readst
uplocked
enquird
mortalstaring
allhailed
lovingjealou
seizd
oercome
honourest
speakest
pesterd
himselfshall
1994
ungalled
stayest
churchway
bedecking
loquitur
stillpiecing
agueface
socrate
vade
hurricanoes
fai
pistolproof
gullcatcher
ditchd
sups
bluntwitted
mewhen
neamnoins
ethiope
ladyships
newsad
quintu
ridiculou
dittie
43
branchesit
lymoges
pleached
standingbowl
cowardswhich
unloving
strachy
tanling
hurld
judiciou
singuled
varld
friendline
parlez
unconquered
containd
poprin
yongrey
111
particularities
gripd
directiongiver
steerd
varletto
salework
graymalkin
cnemie
swordandbuckler
pavin
cleomenes
diffidences
blount
unbarbd
quaffd
mouldedenvy
polixenes
feastwon
strooke
hed
bosomd
cowrd
pancacke
spaniels
thersite
recanter
graffing
discoverie
shiverd
housele
plaindealing
bedward
masquing
therecaesar
puzzel
featurd
maind
pompeiu
ratcatcher
unhoused
lovetoken
northnorthwest
dumbshow
pyramide
masterget
subtlepotent
eternizd
entertaind
repliest
pyrrhu
mincd
sherri
blowse
enseigne
reputele
displayd
blessedfair
turnd
thirsting
satisfiedwhether
firenew
failst
grumblest
dian
ork
anglish
beholdest
forted
enobarbu
indistinguishd
horner
manycolourd
languishe
foulmouthd
concavitie
emilia
profanene
nayward
skilld
unsurd
scaru
oftentime
towring
hellblack
dild
razeth
honeyless
troublou
shavd
boyqueller
aducking
mette
sc1
trencherknight
redeemd
heor
addressd
grievousi
distressd
threatenst
combd
holiest
capulets
ecu
undescried
comagene
downgyved
rakd
claybraind
lig
1606
marchd
pillicock
enridged
crispian
dulne
homekeeping
cinquespotted
upreard
gotst
knotgra
balkd
squarst
helens
playdst
welltuned
schoolfellows
divd
mille
grievest
cupids
touchd
supposd
boldst
answerd
steppd
uncleanne
beganst
quicklier
deminaturd
counterpoints
paunche
wolvishravening
deum
scroyle
fancysick
indianlike
unhackd
chattring
whave
deepsearchd
streching
illtemperd
doreu
truththe
counterfeitst
festred
lowline
fullgorgd
elve
weepingsmiling
faultall
lurkd
chattle
misadventurd
selfgloriou
steadfastgazing
enobarbus
priamu
clearne
earthygro
dogday
lampass
gavst
drie
birthdom
scratchd
troths
sovereignvour
cloyment
itthat
considerance
crestfalln
unpleasd
rankscented
undeaf
matteran
noddles
cleomene
endamagement
mockable
halfshirt
superstitiou
norbery
tamene
crabtree
pleasantspirited
swineherds
wondermore
fivepence
manhi
weddingring
lasslorn
errest
stonish
forthlight
fairestboding
slipwe
fens
yclad
papermill
eyasmusket
thinkings
foreadvisd
wrackd
oerprizd
forwearied
cursd
ignomy
motherqueen
gennet
barnacles
sots
laughest
oerleaven
meantst
daffd
pardonne
uncuckolded
vanquisheth
halfyear
sackerson
darma
disposd
allycholly
wellknown
primogenity
fantasticoes
digre
angiers
manatarms
cuckolds
summerflie
amaking
witht
nightowl
shallt
stretchd
paymentto
oerperch
reportest
helpst
whipst
enforcest
maecena
getrude
ominou
eie
losest
likst
ernd
keycold
meddlein
snailslow
enterd
whetst
carders
paraquito
tempteth
irregulou
kingperhaps
frighted
clipwingd
mindle
votaries
stealers
avouche
waterflowing
jourdain
lavez
bespake
mobled
imbar
washford
allshaking
extirped
wronk
hallowma
overleather
67
capape
chamberd
misplacd
69
oppressd
whalesbone
whipster
ravd
oathable
queubus
shaks10atxt
edgeit
facere
erroneou
humorou
portotartarossa
startingly
shriekd
deadlyhanded
holycruel
schoolmaid
barebone
winkd
titleleaf
malmseybutt
sharpne
bloodshedding
wands
freelier
act4sc8
untangled
rifted
smoothpate
trowest
iiii
verite
wrapt
seacoal
furnaceburning
voke
oerstunk
mayt
thattwo
eldestborn
lovejuice
welllabouring
pild
reeleth
twohand
overcharged
unhousled
discu
marketprice
waild
silline
casaer
orifex
shakd
oxhead
sampire
etextarticle
kindne
hellkite
venuto
royaltie
clovest
pursetaking
inferrd
humblebees
reprovd
tu
burgh
uneath
incorpsd
shortleggd
interchangd
deathful
unqualitied
glorie
deux
stillsoliciting
orbed
fopped
despiseth
poisond
sorrowest
feelt
e
midwive
cinquepace
outrunst
tirralirra
selfcomparisons
assinico
lakin
flatterie
glamis
doubledealer
gazd
thankle
bunchbackd
eightwhich
violenta
bearwhelp
sweetseasoned
1593
ranst
quakd
headluggd
troyannow
plue
godfathers
lieges
impeachd
bestrewd
sunburning
unbreathed
ingrossd
tasker
layt
bestirrd
pacd
steterat
araise
angld
act4sc3
owedst
scrippage
joind
sequestred
assays
undinted
sawest
gracemajesty
slayeth
pashful
impaint
picturelike
112
oxfordyou
worldif
outrageou
dilations
allhallown
frailst
handinhand
kllld
honeyseed
itwell
laudi
deathnow
bestraught
unpay
dialogued
riddlelike
compard
holidame
unfatherd
gashd
bottleale
loggerheaded
brandishd
purposd
tabletalk
orsino
removedness
drave
staider
nosepainting
aeolu
monstrou
neer
bove
blushd
fairti
whitingtimesend
votre
unresolvd
deformd
capite
embattld
peacemakers
uncontemnd
belzebub
kneecrooking
hortensio
ungord
treacherou
guiderius
unwashd
unswayed
burdenou
browbound
oncefor
sowd
angred
shiptire
ranksi
um
spiritstirring
engendring
seacap
gorbellied
deeprevolving
sexe
farfet
hateth
lowvoicd
chewet
plurisy
expressd
taket
unviolated
impasted
recking
act3sc8
sheathd
acoming
propugnation
unsunnd
iflord
profferer
mountanto
disparkd
allwatched
mistakings
whelks
comingin
beauteou
hurricano
wildne
thirtyone
frankd
marketmaid
perigort
hests
blabbd
barbermonger
elephanta
berrord
brimfull
gravd
notso
gentlemanusher
attachd
dumbne
dorca
confe
worthine
rousd
unseamd
fery
bellypinched
courtesie
ariachne
sunbright
unreclaimed
easyborrowed
antenorides
libbard
ulcerou
unhaird
moveables
unpressd
finst
tombed
fild
peterfor
outjest
curstne
dardanius
raileth
spieth
razorable
halterd
welcomd
besidesa
lovefeat
embracd
unattempted
milkwhite
forshe
halfsword
thinkest
emnity
act4sc6
knowst
expelld
shoetie
whoremasterly
indigest
prave
topsyturvy
deceivest
entame
pettine
audaciou
errd
julietta
religiou
machiavel
rawne
oershade
ecstasie
practisd
cucullu
deucalion
usurpd
unstanched
mose
tawnycoats
cawdor
coriolanuswho
austerene
witchd
sonsinlaw
muskroses
postehaste
conycatchd
sourd
poisonoustongud
28
liberalconceited
labourd
integritas
cro
sendst
attentivene
faithbreach
borachio
cornercap
allhonourd
floulish
intrinse
hopdfor
screwd
sweatst
longimprisoned
83
tartne
comprisd
metamorphoses
bassviol
disastrou
henrys
timandra
ingratitudes
longexperiencd
enseamed
ravencoloured
tos
oerflourishd
parfect
enshelterd
lege
aegeon
loveperforming
smilet
toadspotted
stillne
illsheathed
naiads
counte
waveworn
yawnd
dre
nightwanderers
starcrossd
thirtythree
yead
summerd
advisd
underhangman
specialitie
skippd
agrowing
depositaries
menpray
chrish
pulcher
pausingly
105
showdst
paly
yesternight
sufficit
unkingd
65
andren
placeth
sleepest
beseeming
bowld
elfskin
sonow
sapconsuming
mightst
firstbegotten
sworst
filiu
perigouna
babie
swinstead
numa
unmoand
yould
1611
capring
laboursome
departest
devilthere
perfumd
laur
weara
wellhallowd
trovato
hungerford
himand
turkeycock
importund
groundlings
flourishe
emboldned
pittikins
earpiercing
contentless
slumbred
gleeking
swiftwinged
twere
fastfalling
runagates
pricksongkeep
trulls
devilishholy
pestring
returnest
methinkst
pomewater
characts
minime
kingdomd
barnardine
abr
loathsomene
affiancd
unshown
streakd
fitst
lankd
comeline
cocytu
hapcheerly
whitmore
intergatories
squele
senoy
talkd
insconce
knaveries
andprithee
inhabityou
captiou
ensear
crannie
jewe
bettred
dercetas
unshorn
selfabuse
chamberlye
warwearied
darkne
suppressd
dechapper
longaville
dissolvd
vexest
safetythat
whateer
friendsratcliff
puttingon
dearlovd
reache
knockd
imperiou
soulmy
enriche
sanguis
accite
agoing
disliken
overtopping
nourishd
pegasu
particolourd
worstedstocking
evergentle
darstthou
curtleaxe
unpaidfor
coherd
thumbring
hies
timehonoured
appeachd
bourbier
midage
ovocativo
wickedne
lettersthi
notpated
hostilius
prologuelike
etesvou
fruittree
rapiers
renowmed
bakd
perjurd
wassails
temprately
100000000trillion
headsomething
pitie
usurers
goneril
dropt
solu
bal
launchd
youhe
astonishd
luciana
grandpre
summond
breakingout
stolest
tople
verba
untainted
methe
plumd
easd
subtractor
strokst
posthumu
boarspear
lackst
nookshotten
hodgepudding
monarchysee
pacoru
sayt
honestest
showrs
tou
sayboth
odoriferou
eaning
cataian
opprest
purchaseth
beastliest
desartle
tiberio
byr
noseless
camillo
68
mouthit
unscarrd
unkindne
simpleanswerd
enacture
masterdom
tawnyfinnd
shovegroat
enchasd
pilcher
frighting
changest
enanmourd
conspird
backbitten
enew
unsaluted
camest
whisperd
marketbell
bulmer
abreeding
fortunetell
disturbd
dougla
settlest
voluptuousness
gunstones
ravind
livst
hoaryheaded
outsweetned
straited
sueth
prisonment
ambercolourd
altring
hyrcanian
fauste
flatne
atomie
latche
cockrel
blesseth
distempered
quoif
eldst
bleated
guiltine
profferd
whoopd
choicedrawn
ingrateful
yorkand
montano
judgd
goodconceited
tempring
charmd
bodykins
nakedne
monstrousne
aut
fleetst
gorgeou
printle
beefwitted
doubtst
bien
unpurposd
illbeseeming
boblibindo
carrions
mastercord
highcolourd
kindst
lamma
singulariter
nothinggift
pleasantst
confirmities
offert
cheveril
seasond
kingd
courteou
kentishmen
warmarkd
piteou
lavolt
holpst
stuffingwell
cadwal
threeman
guerra
utterd
helicons
takt
dissembly
daughterthou
bene
neeryetbeaten
unscorchd
crushd
unseconded
itche
thatyoung
readins
springeth
swayd
bloodyhunting
restraind
connd
buriest
strawberrie
fleance
brethen
allseeing
consolate
breedbate
dat
isbel
throughfare
bloodconsuming
149
shortnumbered
tallie
warrantise
extortions
dissemblers
bowr
wellpaid
persever
enchafd
presentst
conventicles
counseld
haveathim
leonte
giantdwarf
softned
fondne
promisd
bawds
chamberdoor
wouid
endeard
feartwill
weightle
plack
youd
northnortheast
napleswhosoeer
governe
perplexd
upbraiding
thumpd
unparalleld
sweetne
trinculobe
sicle
wreakful
unfledgd
itcome
horsebackbreaker
nosegays
act3sc7
eyedrops
heartinflaming
thews
attird
movd
seventyfive
alldreaded
waterflie
preferst
plessed
parmacity
lobbie
ulysse
debateth
defie
overwhelmd
twentyone
agues
mena
entombd
newdeliverd
boitier
ahigh
procru
thyselfor
fieryfooted
unlessond
razd
medcine
pulsidge
ploughirons
trueanointed
oerjoyd
inquird
lieth
ceremonie
attendeth
crookkneed
ratherest
phebe
hidst
defunction
agamemmon
38
cerberu
festring
weakhingd
mus
ministred
magnificoe
enskied
beenfor
weepingripe
hippd
goodrig
oermount
outscorn
proscriptions
goa
meadowfairies
threehoopd
spard
meetness
capulet
notest
remaineth
lycurguses
topas
shaks12txt
calumniou
drivst
recanting
passado
craveth
sillystately
vinaigre
moveth
clinking
bubukles
hedgesparrow
oershine
urgd
bullybut
claribel
fortuneshall
vincentio
menecrate
lovel
occupie
dir
presentabsent
keptst
canonizd
designd
womand
soothers
belongd
themselve
nihil
vowd
intercessors
lucio
92
adriano
oerleap
inscribd
showrd
moneyd
loofd
seizeth
cesario
encave
patrum
farst
doubledamnd
quenchd
paviliond
noyance
int
sentinelsfirst
lookerson
perge
thickcoming
truederived
allsoul
hiems
daughterbeamed
menseignez
steeld
monsterlike
pomgarnet
fallst
unshrinking
halberds
vivant
twinnd
easiliest
putteron
luststaind
pimpernell
eldertree
highlone
witche
husbandless
wrongincensed
enfreedoming
unfurnish
colted
eisel
awaylet
wearine
deepsworn
messe
lentu
decipherd
acursing
rascalliest
hideou
oerglanced
plutu
bleedest
dowrle
littleawhile
adjudgd
christning
sirwhy
haviour
certainer
pursud
triumphday
highrepented
worldsharers
leonatos
mischievou
falsederived
engenderd
unthoughton
frutify
misbecame
poy
godde
cambrics
ostentare
andpholus
ont
cherubins
vincere
kentishman
affirmatives
thrummd
feignd
darkeyd
100th
overfull
47
unurgd
itshall
baskethilt
gauntlets
thatby
hectors
alltyrant
knitteth
knewst
cockatrices
muddymettled
seekt
droppeth
bi
fidiusd
replie
blossoming
bobbd
aftermeeting
weatherbitten
gads
shapele
stond
gelidu
bacchanals
betid
finsbury
musterd
beweep
umfrevile
unwooed
thickpleached
mistresse
furnishd
outvoice
notoriou
pigrogromitus
enobarb
behowl
bloodbolterd
humourist
alarbu
glose
neatherd
mappd
proveth
119
scandy
yerkd
uprighteously
oersway
loverhymes
whywhy
stigmatical
countergate
helenus
cauf
airdrawn
thricegraciou
undeserver
empere
mousehunt
donc
villainies
warrst
pageand
countermines
whosoeer
buttond
bood
sharpground
lupercal
unnumbred
newscrammd
baboons
garboils
tackd
wholl
threwst
takingoff
lewdtongud
onehad
conquring
usd
hogsheads
longlived
meteyard
act4sc15
layst
countcardinal
transportance
overborne
dismi
heeld
leta
roundure
farre
halfyard
murdrer
woful
temporizd
lartiu
cribbd
127
crookedpated
florentiu
sendeth
mockst
doghole
prevaileth
orit
coldmoving
pudder
provokst
kinsmanmost
neerchanging
waterrugs
rogero
act2sc7
45
unpickd
bucklersbury
oermasterest
hornmaker
droven
unparagond
ancu
calaber
bedpresser
fluellen
pawnd
capriciou
adramadio
spitalhouse
unaching
chalkd
dullne
ligarius
laer
knaverie
standst
entrappd
entrenchd
act3sc4
plackets
besort
forestalld
jointstool
aeson
uncolted
1592
reveald
adventurd
hardiest
freshe
cyru
overfar
vantbrace
atalking
obscurd
passeth
wickedst
hazardand
plie
philo
labord
reststhat
carousd
boisterou
illfacd
nereides
mermaidlike
indie
pindarus
summerbird
joineth
begar
faild
brinish
wanderd
spoonmeat
quietne
sternage
musicwhich
slowwingd
aforet
vortnight
stelled
proceeders
reprehending
untempering
calfsskin
nobleending
whena
cawdron
gathred
protectre
rabbitsucker
twoheaded
lucullius
periapts
redlookd
wantonne
territorie
mervailou
silvia
rhesu
bemoild
virtuou
barraba
hermias
maliceknow
caviary
gildst
quat
sitst
crystalbutton
thankings
oerteemed
laerte
namele
murderd
harlotbrow
entre
dowle
wellseeming
transmigrates
panging
singingman
devant
exce
abilitie
overmatching
oerthrow
cordi
monsterd
kettledrums
prayrs
resalute
soldierbreeder
husbanded
statestatue
lovegods
oercame
burdned
bebut
givet
seemer
shebear
evan
pickdwith
signd
untruths
bravry
shallowrooted
faustuses
edmunds
courtword
dulld
spellstoppd
oeillades
attorneyed
tybalts
horridyet
grubbd
gracele
wellforewarning
thricerepured
honi
concupy
importle
adoni
deputie
wellpractisd
broadfronted
practic
furrd
proposd
outtongue
deprivd
hied
poinard
afeasting
afterdebts
gasted
hedgepriest
unrevengd
birnam
professe
rendring
catche
holoferne
loveline
desird
cardnal
trancd
conjuro
whati
bourchier
fancie
overlusty
gracd
kecksies
flote
longa
rugheaded
saybut
blustring
againnot
devourd
needfull
twinbrother
twicetold
87
obsequiou
smildst
compremise
wellderived
talbotites
barkloughly
ambiguitie
bloodsuckers
fledthat
tyrannou
undergoe
cankred
kerns
confusioneyd
torchbearers
scanter
brabantio
threatner
togethernow
rosed
ungentlene
knighthoodyea
18004430238
courla
truetelling
slanderers
disturbers
menteith
ephesu
comewhat
caiu
handwhat
enpierced
conspirant
childa
misenum
aufidius
lippd
gaggd
39
huswife
agatering
forgivene
demiparadise
1596
madbraind
oerreaching
ourselve
prithe
unfilld
forres
sewd
ive
countrie
confesse
pandulph
calved
baskd
quierd
longd
oublie
suffigance
obeyd
uttrance
schoolday
snowwhite
rampallian
serveth
threeandtwenty
alencon
dismayd
ladysmock
adultress
interchained
kingnow
wintercricket
pavd
highday
hearsed
thison
uncurbed
distempering
fisting
endle
halfworld
nearleggd
lagend
mounsieur
bearbaitings
osr
amorou
mustardseed
daffest
effectle
yesty
cautelous
uneffectual
musko
ocr
diffrence
gord
federary
noblestminded
chuffs
bertrams
unwatchd
exorcisms
confessd
unfool
frankne
chor
selfwrong
notall
seekst
lessend
metst
perfectest
sinconceiving
stilld
retaind
thsearch
frownst
bothside
launcelot
clowder
gavest
coted
fulne
deciu
deservst
dowr
oerrule
britaine
rudegrowing
bondslave
suffrance
swoopstake
cdroms
dispersd
lookdst
crawld
unmannd
loureth
verta
mechante
corneliu
laundre
fisnomy
claspd
datchet
manycoloured
tearstaind
undeserving
epidamnum
lightfoot
champain
quicksilverr
justling
slanderd
vagrom
fewne
claimd
numberle
edg
tibey
heresie
unbakd
smild
weatherhow
bosomsthi
certe
disgraciou
intitled
usurpers
listning
shrillvoicd
underminer
marullus
joinst
battry
unsoild
fike
lartius
breakvow
enchafed
virgilia
ermengare
gost
scamel
ciitzen
bringst
egal
theyld
deathsbedgot
intrinsicate
ducdame
bonfirelight
prabbles
freshne
stiffborne
embroiderd
foxship
enginer
diffring
domine
cressidas
belockd
wilfulslow
palamede
wavd
perfectne
tobepitied
tellst
darest
icebrook
cuppele
longusurped
sevnight
outlawd
thyreu
artsman
swearst
underbear
sixandtwenty
suppd
glud
unscalable
sharpst
73
od
defaced
miserie
marriageday
wotst
assayd
coold
valeriu
matrons
bohemiantartar
undividable
trailst
surfeiting
plastring
soonspeeding
swingebuckler
tableheart
wifes
beseechd
facultie
outnight
fariner
landmen
dropsies
sovreign
feebling
mauri
overfond
medcinable
gue
harmdoingo
pid
muliteus
flapdragond
renownd
intot
disciplind
brotherlike
bucklers
bleared
heinou
quis
flatlong
sweetst
erebu
dunghills
smellst
compild
galathe
fecks
edwardno
scatterd
tenedo
oergreat
adjournd
sigeia
diedst
volivorco
herfor
croppd
commitst
erpingham
sweetmeats
lovewounded
stubbornchaste
highswoln
falsehearted
ates
unspoke
prettyvaulting
ungentle
datele
sickfalln
warst
makst
afeardthy
pukestocking
waterrats
bentivolii
act4sc9
compa
jackanape
nowho
selfbreath
aweeping
openne
empiricutic
unki
sweetned
summerswelling
topproud
triumviry
pared
airle
mysterywith
surreind
whirld
frivolou
opiniond
raild
baynard
ravenspurgh
leadest
whinidst
askdbut
augure
etongo
knowt
keech
demetrius
itas
lamound
mischiefs
rejoindure
flattry
havior
dont
highwrought
godden
honester
sirspare
scotche
windowd
ungartred
sicil
62
darst
calld
viewd
emby
lia
newcrept
appletart
saluteth
15
coystrill
wakest
othat
gyves
dexteriously
yoketh
peto
unyokd
alltelling
skincoat
abhominable
hangst
characterd
agd
honesthearted
pickaxes
penker
matchle
merop
wishtly
sawst
purchasd
drunkst
calmd
discoverd
euphroniu
pantingly
oftner
shrillsounding
acro
smallne
ilbow
finishd
pestred
overveild
silkman
brainpain
outcraftied
fearfullst
supplications
landrat
saunder
tuwho
crossgarterd
outdare
lozel
foughtst
rashne
overflowd
coldst
godi
liebut
mentiond
leand
hahey
beforebreach
augustu
filchd
bypeeping
doublevantage
mauvais
customd
accomplishd
shamst
u
blackfriar
octavius
146
oerween
judass
forbod
starrd
grewst
opd
manchild
privilage
proudthe
pursebearer
thricedouble
belariu
bopeep
mildewd
twoandtwenty
florizel
heardif
citternhead
bribd
benied
dowers
honeytongued
reposeth
poleclipt
corivalld
mockry
tediousne
muscovits
skille
act4sc7
ledst
missingly
crimeless
missd
destinie
madi
indubitate
loosewivd
copperspur
ptolemie
cockadiddledow
batailles
kitchenmaid
ditesmoi
secretarie
soulkilling
employd
attendantso
overpassd
willeth
scath
holmedon
habited
shadewhy
giante
cassibelan
fishmeals
chambercouncils
squier
gatherd
glozd
wingfield
seducd
rosalinde
pupillike
holdinganchor
glazd
incivil
sousd
nursha
17
thatchd
bullens
presse
leavet
lifelings
notchd
distempred
causeth
servingmen
mixd
southwind
wannd
maidenwidowed
nobi
neverneeded
bloodyminded
congee
19
tookt
maskd
halfkirtles
crutche
loudst
robbd
deferrd
judgmentday
planteth
philotu
reclaimd
orderd
feedeth
doteth
beckd
arrayd
doctorlike
esteemd
wakd
woundle
ecolier
noisele
trojans
aediles
everhappy
uninhabitable
newheald
readine
friendsa
holloweyd
cleitus
pense
inspird
removd
sumle
irreconcild
believet
sheeps
parishtop
broadspreading
strangerd
estridge
garcon
marblebreasted
knowmy
growst
unheedfully
killeth
hindring
cuckolda
luggd
ceaseth
foolbeggd
navytoo
esteemst
meone
weakne
reportingly
abatfowling
morrisdance
cookd
philostrate
engendred
renderd
exequie
ceremoniou
jaunce
diverscolourd
90
unheart
complots
tentime
egma
thralld
mienne
alwayswindobeying
hellgovernd
phrasele
lordships
buildeth
basele
pompion
curstest
remembert
humourletter
selve
glooming
threepild
capocchia
teacheth
cuore
cursedst
mystry
osw
partnerd
lazarlike
overmerry
slippry
dwellingplace
godigoden
rascalsthat
effusd
wilderne
cupboarding
intervallums
bassianu
barefacd
polusion
flamd
veronesa
tybalt
tatterd
felld
52
tirest
porpentine
paledead
rancouro
fould
guildenstern
bigswoln
volquessen
bookmen
leanwitted
courtsy
censurd
swashers
unpublishd
pointst
selfexample
debted
mutineerthe
hoxe
superflux
harshresounding
quae
oerbeat
virtuoussave
loset
antium
sinyet
priamus
craftysick
stormbeaten
blanca
bandsmay
142
stirrd
unlineal
thirdborough
dolts
swarths
bae
humblene
layest
oerswell
trundletall
complotted
amnipotent
bristow
hebona
bearest
dalea
whippingcheer
authoritie
hald
stirand
followest
unprevailing
canus
meby
temperality
fossetseller
standersby
destind
incharitable
unrolld
gallantspringing
unbashful
savd
estatei
menas
splenitive
twiggen
discipled
allayment
caretund
oppugnancy
witb
meetst
brinepit
flaxwench
adowna
himevery
betideth
wearers
aguecheek
horsd
encompasseth
treasons
promis
plaining
sheaved
spinii
menthey
strewd
repurchasd
honourflawd
skillgood
baiser
favout
shakst
overtoppd
crackhemp
moulten
farborough
pulpiter
repassd
discandying
pegaramsey
cagion
x
raggedst
driveth
lechers
edifie
dovehouse
slaughterd
camet
ingeniou
barrdup
deedachieving
camegive
sleepsand
comingsin
beseeched
winterground
nighti
saypray
braggarts
assubjugate
vanishe
godline
proteusi
angliae
excusd
unlockd
soldest
wilfulopposite
posied
lackbrain
thein
ancientst
speakst
frights
steaded
westwardho
christma
1604
poisonou
vanquishest
aimest
gnarling
starknakd
oye
chargd
hird
charmeth
shootie
offrings
49
repealdrepeald
hagseed
77
allending
couterfeit
molli
dwellst
todpole
murdrous
wittolly
undoe
gallu
beggarman
fumiter
whispring
alldisgraced
dispiteou
supplyant
establishd
berrie
barbason
whosoer
meetingplace
fait
gummd
abrewing
speargra
amyntas
presumptuou
retaild
chargeful
